Archive member included to satisfy reference by file (symbol)

/opt/st/stm32cubeide_1.3.0/plugins/com.st.stm32cube.ide.mcu.externaltools.gnu-tools-for-stm32.7-2018-q2-update.linux64_1.0.0.201904181610/tools/bin/../lib/gcc/arm-none-eabi/7.3.1/../../../../arm-none-eabi/lib/thumb/v7e-m/fpv4-sp/hard/libstdc++_nano.a(pure.o)
                              Core/Src/mainpp.o (__cxa_pure_virtual)
/opt/st/stm32cubeide_1.3.0/plugins/com.st.stm32cube.ide.mcu.externaltools.gnu-tools-for-stm32.7-2018-q2-update.linux64_1.0.0.201904181610/tools/bin/../lib/gcc/arm-none-eabi/7.3.1/../../../../arm-none-eabi/lib/thumb/v7e-m/fpv4-sp/hard/libstdc++_nano.a(eh_terminate.o)
                              /opt/st/stm32cubeide_1.3.0/plugins/com.st.stm32cube.ide.mcu.externaltools.gnu-tools-for-stm32.7-2018-q2-update.linux64_1.0.0.201904181610/tools/bin/../lib/gcc/arm-none-eabi/7.3.1/../../../../arm-none-eabi/lib/thumb/v7e-m/fpv4-sp/hard/libstdc++_nano.a(pure.o) (std::terminate())
/opt/st/stm32cubeide_1.3.0/plugins/com.st.stm32cube.ide.mcu.externaltools.gnu-tools-for-stm32.7-2018-q2-update.linux64_1.0.0.201904181610/tools/bin/../lib/gcc/arm-none-eabi/7.3.1/../../../../arm-none-eabi/lib/thumb/v7e-m/fpv4-sp/hard/libstdc++_nano.a(eh_unex_handler.o)
                              /opt/st/stm32cubeide_1.3.0/plugins/com.st.stm32cube.ide.mcu.externaltools.gnu-tools-for-stm32.7-2018-q2-update.linux64_1.0.0.201904181610/tools/bin/../lib/gcc/arm-none-eabi/7.3.1/../../../../arm-none-eabi/lib/thumb/v7e-m/fpv4-sp/hard/libstdc++_nano.a(eh_terminate.o) (__cxxabiv1::__unexpected_handler)
/opt/st/stm32cubeide_1.3.0/plugins/com.st.stm32cube.ide.mcu.externaltools.gnu-tools-for-stm32.7-2018-q2-update.linux64_1.0.0.201904181610/tools/bin/../lib/gcc/arm-none-eabi/7.3.1/../../../../arm-none-eabi/lib/thumb/v7e-m/fpv4-sp/hard/libstdc++_nano.a(eh_term_handler.o)
                              /opt/st/stm32cubeide_1.3.0/plugins/com.st.stm32cube.ide.mcu.externaltools.gnu-tools-for-stm32.7-2018-q2-update.linux64_1.0.0.201904181610/tools/bin/../lib/gcc/arm-none-eabi/7.3.1/../../../../arm-none-eabi/lib/thumb/v7e-m/fpv4-sp/hard/libstdc++_nano.a(eh_terminate.o) (__cxxabiv1::__terminate_handler)
/opt/st/stm32cubeide_1.3.0/plugins/com.st.stm32cube.ide.mcu.externaltools.gnu-tools-for-stm32.7-2018-q2-update.linux64_1.0.0.201904181610/tools/bin/../lib/gcc/arm-none-eabi/7.3.1/../../../../arm-none-eabi/lib/thumb/v7e-m/fpv4-sp/hard/libc_nano.a(lib_a-abort.o)
                              /opt/st/stm32cubeide_1.3.0/plugins/com.st.stm32cube.ide.mcu.externaltools.gnu-tools-for-stm32.7-2018-q2-update.linux64_1.0.0.201904181610/tools/bin/../lib/gcc/arm-none-eabi/7.3.1/../../../../arm-none-eabi/lib/thumb/v7e-m/fpv4-sp/hard/libstdc++_nano.a(eh_terminate.o) (abort)
/opt/st/stm32cubeide_1.3.0/plugins/com.st.stm32cube.ide.mcu.externaltools.gnu-tools-for-stm32.7-2018-q2-update.linux64_1.0.0.201904181610/tools/bin/../lib/gcc/arm-none-eabi/7.3.1/../../../../arm-none-eabi/lib/thumb/v7e-m/fpv4-sp/hard/libc_nano.a(lib_a-errno.o)
                              Core/Src/syscalls.o (__errno)
/opt/st/stm32cubeide_1.3.0/plugins/com.st.stm32cube.ide.mcu.externaltools.gnu-tools-for-stm32.7-2018-q2-update.linux64_1.0.0.201904181610/tools/bin/../lib/gcc/arm-none-eabi/7.3.1/../../../../arm-none-eabi/lib/thumb/v7e-m/fpv4-sp/hard/libc_nano.a(lib_a-exit.o)
                              /opt/st/stm32cubeide_1.3.0/plugins/com.st.stm32cube.ide.mcu.externaltools.gnu-tools-for-stm32.7-2018-q2-update.linux64_1.0.0.201904181610/tools/bin/../lib/gcc/arm-none-eabi/7.3.1/../../../../arm-none-eabi/lib/thumb/v7e-m/fpv4-sp/hard/crt0.o (exit)
/opt/st/stm32cubeide_1.3.0/plugins/com.st.stm32cube.ide.mcu.externaltools.gnu-tools-for-stm32.7-2018-q2-update.linux64_1.0.0.201904181610/tools/bin/../lib/gcc/arm-none-eabi/7.3.1/../../../../arm-none-eabi/lib/thumb/v7e-m/fpv4-sp/hard/libc_nano.a(lib_a-impure.o)
                              /opt/st/stm32cubeide_1.3.0/plugins/com.st.stm32cube.ide.mcu.externaltools.gnu-tools-for-stm32.7-2018-q2-update.linux64_1.0.0.201904181610/tools/bin/../lib/gcc/arm-none-eabi/7.3.1/../../../../arm-none-eabi/lib/thumb/v7e-m/fpv4-sp/hard/libc_nano.a(lib_a-exit.o) (_global_impure_ptr)
/opt/st/stm32cubeide_1.3.0/plugins/com.st.stm32cube.ide.mcu.externaltools.gnu-tools-for-stm32.7-2018-q2-update.linux64_1.0.0.201904181610/tools/bin/../lib/gcc/arm-none-eabi/7.3.1/../../../../arm-none-eabi/lib/thumb/v7e-m/fpv4-sp/hard/libc_nano.a(lib_a-init.o)
                              /opt/st/stm32cubeide_1.3.0/plugins/com.st.stm32cube.ide.mcu.externaltools.gnu-tools-for-stm32.7-2018-q2-update.linux64_1.0.0.201904181610/tools/bin/../lib/gcc/arm-none-eabi/7.3.1/../../../../arm-none-eabi/lib/thumb/v7e-m/fpv4-sp/hard/crt0.o (__libc_init_array)
/opt/st/stm32cubeide_1.3.0/plugins/com.st.stm32cube.ide.mcu.externaltools.gnu-tools-for-stm32.7-2018-q2-update.linux64_1.0.0.201904181610/tools/bin/../lib/gcc/arm-none-eabi/7.3.1/../../../../arm-none-eabi/lib/thumb/v7e-m/fpv4-sp/hard/libc_nano.a(lib_a-memcpy-stub.o)
[...]
Memory Configuration

Name             Origin             Length             Attributes
RAM              0x0000000020000000 0x0000000000020000 xrw
FLASH            0x0000000008000000 0x0000000000080000 xr
*default*        0x0000000000000000 0xffffffffffffffff

Linker script and memory map

LOAD /opt/st/stm32cubeide_1.3.0/plugins/com.st.stm32cube.ide.mcu.externaltools.gnu-tools-for-stm32.7-2018-q2-update.linux64_1.0.0.201904181610/tools/bin/../lib/gcc/arm-none-eabi/7.3.1/thumb/v7e-m/fpv4-sp/hard/crti.o
LOAD /opt/st/stm32cubeide_1.3.0/plugins/com.st.stm32cube.ide.mcu.externaltools.gnu-tools-for-stm32.7-2018-q2-update.linux64_1.0.0.201904181610/tools/bin/../lib/gcc/arm-none-eabi/7.3.1/thumb/v7e-m/fpv4-sp/hard/crtbegin.o
LOAD /opt/st/stm32cubeide_1.3.0/plugins/com.st.stm32cube.ide.mcu.externaltools.gnu-tools-for-stm32.7-2018-q2-update.linux64_1.0.0.201904181610/tools/bin/../lib/gcc/arm-none-eabi/7.3.1/../../../../arm-none-eabi/lib/thumb/v7e-m/fpv4-sp/hard/crt0.o
LOAD Core/Inc/duration.o
LOAD Core/Inc/time.o
LOAD Core/Src/main.o
LOAD Core/Src/mainpp.o
LOAD Core/Src/stm32f4xx_hal_msp.o
LOAD Core/Src/stm32f4xx_it.o
LOAD Core/Src/syscalls.o
LOAD Core/Src/sysmem.o
LOAD Core/Src/system_stm32f4xx.o
LOAD Core/Startup/startup_stm32f411vetx.o
LOAD Drivers/STM32F4xx_HAL_Driver/Src/stm32f4xx_hal.o
LOAD Drivers/STM32F4xx_HAL_Driver/Src/stm32f4xx_hal_cortex.o
LOAD Drivers/STM32F4xx_HAL_Driver/Src/stm32f4xx_hal_dma.o
LOAD Drivers/STM32F4xx_HAL_Driver/Src/stm32f4xx_hal_dma_ex.o
LOAD Drivers/STM32F4xx_HAL_Driver/Src/stm32f4xx_hal_exti.o
LOAD Drivers/STM32F4xx_HAL_Driver/Src/stm32f4xx_hal_flash.o
LOAD Drivers/STM32F4xx_HAL_Driver/Src/stm32f4xx_hal_flash_ex.o
LOAD Drivers/STM32F4xx_HAL_Driver/Src/stm32f4xx_hal_flash_ramfunc.o
LOAD Drivers/STM32F4xx_HAL_Driver/Src/stm32f4xx_hal_gpio.o
LOAD Drivers/STM32F4xx_HAL_Driver/Src/stm32f4xx_hal_i2c.o
LOAD Drivers/STM32F4xx_HAL_Driver/Src/stm32f4xx_hal_i2c_ex.o
LOAD Drivers/STM32F4xx_HAL_Driver/Src/stm32f4xx_hal_pwr.o
LOAD Drivers/STM32F4xx_HAL_Driver/Src/stm32f4xx_hal_pwr_ex.o
LOAD Drivers/STM32F4xx_HAL_Driver/Src/stm32f4xx_hal_rcc.o
LOAD Drivers/STM32F4xx_HAL_Driver/Src/stm32f4xx_hal_rcc_ex.o
LOAD Drivers/STM32F4xx_HAL_Driver/Src/stm32f4xx_hal_tim.o
LOAD Drivers/STM32F4xx_HAL_Driver/Src/stm32f4xx_hal_tim_ex.o
LOAD Drivers/STM32F4xx_HAL_Driver/Src/stm32f4xx_hal_uart.o
START GROUP
LOAD /opt/st/stm32cubeide_1.3.0/plugins/com.st.stm32cube.ide.mcu.externaltools.gnu-tools-for-stm32.7-2018-q2-update.linux64_1.0.0.201904181610/tools/bin/../lib/gcc/arm-none-eabi/7.3.1/../../../../arm-none-eabi/lib/thumb/v7e-m/fpv4-sp/hard/libstdc++_nano.a
LOAD /opt/st/stm32cubeide_1.3.0/plugins/com.st.stm32cube.ide.mcu.externaltools.gnu-tools-for-stm32.7-2018-q2-update.linux64_1.0.0.201904181610/tools/bin/../lib/gcc/arm-none-eabi/7.3.1/../../../../arm-none-eabi/lib/thumb/v7e-m/fpv4-sp/hard/libsupc++_nano.a
END GROUP
LOAD /opt/st/stm32cubeide_1.3.0/plugins/com.st.stm32cube.ide.mcu.externaltools.gnu-tools-for-stm32.7-2018-q2-update.linux64_1.0.0.201904181610/tools/bin/../lib/gcc/arm-none-eabi/7.3.1/../../../../arm-none-eabi/lib/thumb/v7e-m/fpv4-sp/hard/libstdc++_nano.a
LOAD /opt/st/stm32cubeide_1.3.0/plugins/com.st.stm32cube.ide.mcu.externaltools.gnu-tools-for-stm32.7-2018-q2-update.linux64_1.0.0.201904181610/tools/bin/../lib/gcc/arm-none-eabi/7.3.1/../../../../arm-none-eabi/lib/thumb/v7e-m/fpv4-sp/hard/libm.a
LOAD /opt/st/stm32cubeide_1.3.0/plugins/com.st.stm32cube.ide.mcu.externaltools.gnu-tools-for-stm32.7-2018-q2-update.linux64_1.0.0.201904181610/tools/bin/../lib/gcc/arm-none-eabi/7.3.1/../../../../arm-none-eabi/lib/thumb/v7e-m/fpv4-sp/hard/libc_nano.a
START GROUP
LOAD /opt/st/stm32cubeide_1.3.0/plugins/com.st.stm32cube.ide.mcu.externaltools.gnu-tools-for-stm32.7-2018-q2-update.linux64_1.0.0.201904181610/tools/bin/../lib/gcc/arm-none-eabi/7.3.1/thumb/v7e-m/fpv4-sp/hard/libgcc.a
LOAD /opt/st/stm32cubeide_1.3.0/plugins/com.st.stm32cube.ide.mcu.externaltools.gnu-tools-for-stm32.7-2018-q2-update.linux64_1.0.0.201904181610/tools/bin/../lib/gcc/arm-none-eabi/7.3.1/../../../../arm-none-eabi/lib/thumb/v7e-m/fpv4-sp/hard/libc_nano.a
END GROUP
START GROUP
LOAD /opt/st/stm32cubeide_1.3.0/plugins/com.st.stm32cube.ide.mcu.externaltools.gnu-tools-for-stm32.7-2018-q2-update.linux64_1.0.0.201904181610/tools/bin/../lib/gcc/arm-none-eabi/7.3.1/thumb/v7e-m/fpv4-sp/hard/libgcc.a
LOAD /opt/st/stm32cubeide_1.3.0/plugins/com.st.stm32cube.ide.mcu.externaltools.gnu-tools-for-stm32.7-2018-q2-update.linux64_1.0.0.201904181610/tools/bin/../lib/gcc/arm-none-eabi/7.3.1/../../../../arm-none-eabi/lib/thumb/v7e-m/fpv4-sp/hard/libc_nano.a
LOAD /opt/st/stm32cubeide_1.3.0/plugins/com.st.stm32cube.ide.mcu.externaltools.gnu-tools-for-stm32.7-2018-q2-update.linux64_1.0.0.201904181610/tools/bin/../lib/gcc/arm-none-eabi/7.3.1/../../../../arm-none-eabi/lib/thumb/v7e-m/fpv4-sp/hard/libnosys.a
END GROUP
START GROUP
LOAD /opt/st/stm32cubeide_1.3.0/plugins/com.st.stm32cube.ide.mcu.externaltools.gnu-tools-for-stm32.7-2018-q2-update.linux64_1.0.0.201904181610/tools/bin/../lib/gcc/arm-none-eabi/7.3.1/thumb/v7e-m/fpv4-sp/hard/libgcc.a
LOAD /opt/st/stm32cubeide_1.3.0/plugins/com.st.stm32cube.ide.mcu.externaltools.gnu-tools-for-stm32.7-2018-q2-update.linux64_1.0.0.201904181610/tools/bin/../lib/gcc/arm-none-eabi/7.3.1/../../../../arm-none-eabi/lib/thumb/v7e-m/fpv4-sp/hard/libc_nano.a
LOAD /opt/st/stm32cubeide_1.3.0/plugins/com.st.stm32cube.ide.mcu.externaltools.gnu-tools-for-stm32.7-2018-q2-update.linux64_1.0.0.201904181610/tools/bin/../lib/gcc/arm-none-eabi/7.3.1/../../../../arm-none-eabi/lib/thumb/v7e-m/fpv4-sp/hard/libnosys.a
END GROUP
LOAD /opt/st/stm32cubeide_1.3.0/plugins/com.st.stm32cube.ide.mcu.externaltools.gnu-tools-for-stm32.7-2018-q2-update.linux64_1.0.0.201904181610/tools/bin/../lib/gcc/arm-none-eabi/7.3.1/thumb/v7e-m/fpv4-sp/hard/crtend.o
LOAD /opt/st/stm32cubeide_1.3.0/plugins/com.st.stm32cube.ide.mcu.externaltools.gnu-tools-for-stm32.7-2018-q2-update.linux64_1.0.0.201904181610/tools/bin/../lib/gcc/arm-none-eabi/7.3.1/thumb/v7e-m/fpv4-sp/hard/crtn.o
                0x0000000020020000                _estack = (ORIGIN (RAM) + LENGTH (RAM))
                0x0000000000000200                _Min_Heap_Size = 0x200
                0x0000000000000400                _Min_Stack_Size = 0x400

.isr_vector     0x0000000008000000      0x198
                0x0000000008000000                . = ALIGN (0x4)
 *(.isr_vector)
 .isr_vector    0x0000000008000000      0x198 Core/Startup/startup_stm32f411vetx.o
                0x0000000008000000                g_pfnVectors
                0x0000000008000198                . = ALIGN (0x4)

.text           0x0000000008000198     0x88fc
                0x0000000008000198                . = ALIGN (0x4)
 *(.text)
 .text          0x0000000008000198       0x40 /opt/st/stm32cubeide_1.3.0/plugins/com.st.stm32cube.ide.mcu.externaltools.gnu-tools-for-stm32.7-2018-q2-update.linux64_1.0.0.201904181610/tools/bin/../lib/gcc/arm-none-eabi/7.3.1/thumb/v7e-m/fpv4-sp/hard/crtbegin.o
 .text          0x00000000080001d8       0x10 /opt/st/stm32cubeide_1.3.0/plugins/com.st.stm32cube.ide.mcu.externaltools.gnu-tools-for-stm32.7-2018-q2-update.linux64_1.0.0.201904181610/tools/bin/../lib/gcc/arm-none-eabi/7.3.1/../../../../arm-none-eabi/lib/thumb/v7e-m/fpv4-sp/hard/libc_nano.a(lib_a-strlen.o)
                0x00000000080001d8                strlen
 .text          0x00000000080001e8      0x378 /opt/st/stm32cubeide_1.3.0/plugins/com.st.stm32cube.ide.mcu.externaltools.gnu-tools-for-stm32.7-2018-q2-update.linux64_1.0.0.201904181610/tools/bin/../lib/gcc/arm-none-eabi/7.3.1/thumb/v7e-m/fpv4-sp/hard/libgcc.a(_arm_addsubdf3.o)
                0x00000000080001e8                __aeabi_drsub
                0x00000000080001f0                __aeabi_dsub
                0x00000000080001f0                __subdf3
                0x00000000080001f4                __adddf3
                0x00000000080001f4                __aeabi_dadd
                0x000000000800046c                __aeabi_ui2d
                0x000000000800046c                __floatunsidf
                0x000000000800048c                __floatsidf
                0x000000000800048c                __aeabi_i2d
                0x00000000080004b0                __extendsfdf2
                0x00000000080004b0                __aeabi_f2d
                0x00000000080004f4                __aeabi_ul2d
                0x00000000080004f4                __floatundidf
                0x0000000008000504                __floatdidf
                0x0000000008000504                __aeabi_l2d
 .text          0x0000000008000560      0x424 /opt/st/stm32cubeide_1.3.0/plugins/com.st.stm32cube.ide.mcu.externaltools.gnu-tools-for-stm32.7-2018-q2-update.linux64_1.0.0.201904181610/tools/bin/../lib/gcc/arm-none-eabi/7.3.1/thumb/v7e-m/fpv4-sp/hard/libgcc.a(_arm_muldivdf3.o)
                0x0000000008000560                __aeabi_dmul
                0x0000000008000560                __muldf3
                0x00000000080007b4                __aeabi_ddiv
                0x00000000080007b4                __divdf3
 .text          0x0000000008000984       0xa0 /opt/st/stm32cubeide_1.3.0/plugins/com.st.stm32cube.ide.mcu.externaltools.gnu-tools-for-stm32.7-2018-q2-update.linux64_1.0.0.201904181610/tools/bin/../lib/gcc/arm-none-eabi/7.3.1/thumb/v7e-m/fpv4-sp/hard/libgcc.a(_arm_truncdfsf2.o)
                0x0000000008000984                __aeabi_d2f
                0x0000000008000984                __truncdfsf2
 .text          0x0000000008000a24       0x30 /opt/st/stm32cubeide_1.3.0/plugins/com.st.stm32cube.ide.mcu.externaltools.gnu-tools-for-stm32.7-2018-q2-update.linux64_1.0.0.201904181610/tools/bin/../lib/gcc/arm-none-eabi/7.3.1/thumb/v7e-m/fpv4-sp/hard/libgcc.a(_aeabi_uldivmod.o)
                0x0000000008000a24                __aeabi_uldivmod
 .text          0x0000000008000a54      0x2cc /opt/st/stm32cubeide_1.3.0/plugins/com.st.stm32cube.ide.mcu.externaltools.gnu-tools-for-stm32.7-2018-q2-update.linux64_1.0.0.201904181610/tools/bin/../lib/gcc/arm-none-eabi/7.3.1/thumb/v7e-m/fpv4-sp/hard/libgcc.a(_udivmoddi4.o)
                0x0000000008000a54                __udivmoddi4
 .text          0x0000000008000d20        0x4 /opt/st/stm32cubeide_1.3.0/plugins/com.st.stm32cube.ide.mcu.externaltools.gnu-tools-for-stm32.7-2018-q2-update.linux64_1.0.0.201904181610/tools/bin/../lib/gcc/arm-none-eabi/7.3.1/thumb/v7e-m/fpv4-sp/hard/libgcc.a(_dvmd_tls.o)
                0x0000000008000d20                __aeabi_ldiv0
                0x0000000008000d20                __aeabi_idiv0
 *(.text*)
 .text._ZN3ros16normalizeSecNSecERmS0_
                0x0000000008000d24       0x58 Core/Inc/time.o
                0x0000000008000d24                ros::normalizeSecNSec(unsigned long&, unsigned long&)
 .text.main     0x0000000008000d7c       0x26 Core/Src/main.o
                0x0000000008000d7c                main
 *fill*         0x0000000008000da2        0x2 
 .text._Z18SystemClock_Configv
                0x0000000008000da4       0xe4 Core/Src/main.o
                0x0000000008000da4                SystemClock_Config()
 .text._ZL12MX_I2C1_Initv
                0x0000000008000e88       0x68 Core/Src/main.o
 .text._ZL19MX_USART2_UART_Initv
                0x0000000008000ef0       0x5c Core/Src/main.o
 .text._ZL11MX_DMA_Initv
                0x0000000008000f4c       0x50 Core/Src/main.o
 .text._ZL12MX_GPIO_Initv
                0x0000000008000f9c       0xa4 Core/Src/main.o
 .text.Error_Handler
                0x0000000008001040        0xe Core/Src/main.o
                0x0000000008001040                Error_Handler
 .text._ZN3ros4TimeC2Ev
                0x000000000800104e       0x22 Core/Src/mainpp.o
                0x000000000800104e                ros::Time::Time()
                0x000000000800104e                ros::Time::Time()
 .text._ZN3ros3MsgC2Ev
                0x0000000008001070       0x20 Core/Src/mainpp.o
                0x0000000008001070                ros::Msg::Msg()
                0x0000000008001070                ros::Msg::Msg()
 .text._ZN8std_msgs4TimeC2Ev
                0x0000000008001090       0x30 Core/Src/mainpp.o
                0x0000000008001090                std_msgs::Time::Time()
                0x0000000008001090                std_msgs::Time::Time()
 .text._ZNK8std_msgs4Time9serializeEPh
                0x00000000080010c0       0xb0 Core/Src/mainpp.o
                0x00000000080010c0                std_msgs::Time::serialize(unsigned char*) const
 .text._ZN8std_msgs4Time11deserializeEPh
                0x0000000008001170       0xc8 Core/Src/mainpp.o
                0x0000000008001170                std_msgs::Time::deserialize(unsigned char*)
 .text._ZN8std_msgs4Time7getTypeEv
                0x0000000008001238       0x1c Core/Src/mainpp.o
                0x0000000008001238                std_msgs::Time::getType()
 .text._ZN8std_msgs4Time6getMD5Ev
                0x0000000008001254       0x1c Core/Src/mainpp.o
                0x0000000008001254                std_msgs::Time::getMD5()
 .text._ZN14rosserial_msgs9TopicInfoC2Ev
                0x0000000008001270       0x48 Core/Src/mainpp.o
                0x0000000008001270                rosserial_msgs::TopicInfo::TopicInfo()
                0x0000000008001270                rosserial_msgs::TopicInfo::TopicInfo()
 .text._ZNK14rosserial_msgs9TopicInfo9serializeEPh
                0x00000000080012b8      0x136 Core/Src/mainpp.o
                0x00000000080012b8                rosserial_msgs::TopicInfo::serialize(unsigned char*) const
 .text._ZN14rosserial_msgs9TopicInfo11deserializeEPh
                0x00000000080013ee      0x1d0 Core/Src/mainpp.o
                0x00000000080013ee                rosserial_msgs::TopicInfo::deserialize(unsigned char*)
 *fill*         0x00000000080015be        0x2 
 .text._ZN14rosserial_msgs9TopicInfo7getTypeEv
                0x00000000080015c0       0x1c Core/Src/mainpp.o
                0x00000000080015c0                rosserial_msgs::TopicInfo::getType()
 .text._ZN14rosserial_msgs9TopicInfo6getMD5Ev
                0x00000000080015dc       0x1c Core/Src/mainpp.o
                0x00000000080015dc                rosserial_msgs::TopicInfo::getMD5()
 .text._ZN14rosserial_msgs3LogC2Ev
                0x00000000080015f8       0x34 Core/Src/mainpp.o
                0x00000000080015f8                rosserial_msgs::Log::Log()
                0x00000000080015f8                rosserial_msgs::Log::Log()
 .text._ZNK14rosserial_msgs3Log9serializeEPh
                0x000000000800162c       0x64 Core/Src/mainpp.o
                0x000000000800162c                rosserial_msgs::Log::serialize(unsigned char*) const
 .text._ZN14rosserial_msgs3Log11deserializeEPh
                0x0000000008001690       0x90 Core/Src/mainpp.o
                0x0000000008001690                rosserial_msgs::Log::deserialize(unsigned char*)
 .text._ZN14rosserial_msgs3Log7getTypeEv
                0x0000000008001720       0x1c Core/Src/mainpp.o
                0x0000000008001720                rosserial_msgs::Log::getType()
 .text._ZN14rosserial_msgs3Log6getMD5Ev
                0x000000000800173c       0x1c Core/Src/mainpp.o
                0x000000000800173c                rosserial_msgs::Log::getMD5()
 .text._ZN14rosserial_msgs20RequestParamResponseC2Ev
                0x0000000008001758       0x48 Core/Src/mainpp.o
                0x0000000008001758                rosserial_msgs::RequestParamResponse::RequestParamResponse()
                0x0000000008001758                rosserial_msgs::RequestParamResponse::RequestParamResponse()
 .text._ZNK14rosserial_msgs20RequestParamResponse9serializeEPh
                0x00000000080017a0      0x222 Core/Src/mainpp.o
                0x00000000080017a0                rosserial_msgs::RequestParamResponse::serialize(unsigned char*) const
 .text._ZN14rosserial_msgs20RequestParamResponse11deserializeEPh
                0x00000000080019c2      0x2e2 Core/Src/mainpp.o
                0x00000000080019c2                rosserial_msgs::RequestParamResponse::deserialize(unsigned char*)
 .text._ZN14rosserial_msgs20RequestParamResponse7getTypeEv
                0x0000000008001ca4       0x1c Core/Src/mainpp.o
                0x0000000008001ca4                rosserial_msgs::RequestParamResponse::getType()
 .text._ZN14rosserial_msgs20RequestParamResponse6getMD5Ev
                0x0000000008001cc0       0x1c Core/Src/mainpp.o
                0x0000000008001cc0                rosserial_msgs::RequestParamResponse::getMD5()
 .text._ZN3ros9PublisherC2EPKcPNS_3MsgEi
                0x0000000008001cdc       0x2e Core/Src/mainpp.o
                0x0000000008001cdc                ros::Publisher::Publisher(char const*, ros::Msg*, int)
                0x0000000008001cdc                ros::Publisher::Publisher(char const*, ros::Msg*, int)
 .text._ZN3ros9Publisher7publishEPKNS_3MsgE
                0x0000000008001d0a       0x28 Core/Src/mainpp.o
                0x0000000008001d0a                ros::Publisher::publish(ros::Msg const*)
 .text._ZN3ros9Publisher15getEndpointTypeEv
                0x0000000008001d32       0x18 Core/Src/mainpp.o
                0x0000000008001d32                ros::Publisher::getEndpointType()
 .text._ZN13STM32Hardware10getRdmaIndEv
                0x0000000008001d4a       0x24 Core/Src/mainpp.o
                0x0000000008001d4a                STM32Hardware::getRdmaInd()
 *fill*         0x0000000008001d6e        0x2 
 .text._ZN13STM32HardwareC2Ev
                0x0000000008001d70       0x38 Core/Src/mainpp.o
                0x0000000008001d70                STM32Hardware::STM32Hardware()
                0x0000000008001d70                STM32Hardware::STM32Hardware()
 .text._ZN13STM32Hardware4initEv
                0x0000000008001da8       0x16 Core/Src/mainpp.o
                0x0000000008001da8                STM32Hardware::init()
 .text._ZN13STM32Hardware10reset_rbufEv
                0x0000000008001dbe       0x22 Core/Src/mainpp.o
                0x0000000008001dbe                STM32Hardware::reset_rbuf()
 .text._ZN13STM32Hardware4readEv
                0x0000000008001de0       0x5a Core/Src/mainpp.o
                0x0000000008001de0                STM32Hardware::read()
 *fill*         0x0000000008001e3a        0x2 
 .text._ZN13STM32Hardware5flushEv
                0x0000000008001e3c       0xbc Core/Src/mainpp.o
                0x0000000008001e3c                STM32Hardware::flush()
 .text._ZN13STM32Hardware5writeEPhi
                0x0000000008001ef8       0x8c Core/Src/mainpp.o
                0x0000000008001ef8                STM32Hardware::write(unsigned char*, int)
 .text._ZN13STM32Hardware4timeEv
                0x0000000008001f84       0x16 Core/Src/mainpp.o
                0x0000000008001f84                STM32Hardware::time()
 *fill*         0x0000000008001f9a        0x2 
 .text._ZN8std_msgs6HeaderC2Ev
                0x0000000008001f9c       0x40 Core/Src/mainpp.o
                0x0000000008001f9c                std_msgs::Header::Header()
                0x0000000008001f9c                std_msgs::Header::Header()
 .text._ZNK8std_msgs6Header9serializeEPh
                0x0000000008001fdc      0x130 Core/Src/mainpp.o
                0x0000000008001fdc                std_msgs::Header::serialize(unsigned char*) const
 .text._ZN8std_msgs6Header11deserializeEPh
                0x000000000800210c      0x180 Core/Src/mainpp.o
                0x000000000800210c                std_msgs::Header::deserialize(unsigned char*)
 .text._ZN8std_msgs6Header7getTypeEv
                0x000000000800228c       0x1c Core/Src/mainpp.o
                0x000000000800228c                std_msgs::Header::getType()
 .text._ZN8std_msgs6Header6getMD5Ev
                0x00000000080022a8       0x1c Core/Src/mainpp.o
                0x00000000080022a8                std_msgs::Header::getMD5()
 .text._ZN13geometry_msgs7Vector3C2Ev
                0x00000000080022c4       0x50 Core/Src/mainpp.o
                0x00000000080022c4                geometry_msgs::Vector3::Vector3()
                0x00000000080022c4                geometry_msgs::Vector3::Vector3()
 .text._ZNK13geometry_msgs7Vector39serializeEPh
                0x0000000008002314      0x2e4 Core/Src/mainpp.o
                0x0000000008002314                geometry_msgs::Vector3::serialize(unsigned char*) const
 .text._ZN13geometry_msgs7Vector311deserializeEPh
                0x00000000080025f8      0x524 Core/Src/mainpp.o
                0x00000000080025f8                geometry_msgs::Vector3::deserialize(unsigned char*)
 .text._ZN13geometry_msgs7Vector37getTypeEv
                0x0000000008002b1c       0x1c Core/Src/mainpp.o
                0x0000000008002b1c                geometry_msgs::Vector3::getType()
 .text._ZN13geometry_msgs7Vector36getMD5Ev
                0x0000000008002b38       0x1c Core/Src/mainpp.o
                0x0000000008002b38                geometry_msgs::Vector3::getMD5()
 .text._ZN13geometry_msgs10QuaternionC2Ev
                0x0000000008002b54       0x5c Core/Src/mainpp.o
                0x0000000008002b54                geometry_msgs::Quaternion::Quaternion()
                0x0000000008002b54                geometry_msgs::Quaternion::Quaternion()
 .text._ZNK13geometry_msgs10Quaternion9serializeEPh
                0x0000000008002bb0      0x3d2 Core/Src/mainpp.o
                0x0000000008002bb0                geometry_msgs::Quaternion::serialize(unsigned char*) const
 .text._ZN13geometry_msgs10Quaternion11deserializeEPh
                0x0000000008002f82      0x6d2 Core/Src/mainpp.o
                0x0000000008002f82                geometry_msgs::Quaternion::deserialize(unsigned char*)
 .text._ZN13geometry_msgs10Quaternion7getTypeEv
                0x0000000008003654       0x1c Core/Src/mainpp.o
                0x0000000008003654                geometry_msgs::Quaternion::getType()
 .text._ZN13geometry_msgs10Quaternion6getMD5Ev
                0x0000000008003670       0x1c Core/Src/mainpp.o
                0x0000000008003670                geometry_msgs::Quaternion::getMD5()
 .text._ZN11sensor_msgs3ImuC2Ev
                0x000000000800368c       0xa8 Core/Src/mainpp.o
                0x000000000800368c                sensor_msgs::Imu::Imu()
                0x000000000800368c                sensor_msgs::Imu::Imu()
 .text._ZNK11sensor_msgs3Imu9serializeEPh
                0x0000000008003734      0x396 Core/Src/mainpp.o
                0x0000000008003734                sensor_msgs::Imu::serialize(unsigned char*) const
 .text._ZN11sensor_msgs3Imu11deserializeEPh
                0x0000000008003aca      0x588 Core/Src/mainpp.o
                0x0000000008003aca                sensor_msgs::Imu::deserialize(unsigned char*)
 *fill*         0x0000000008004052        0x2 
 .text._ZN11sensor_msgs3Imu7getTypeEv
                0x0000000008004054       0x1c Core/Src/mainpp.o
                0x0000000008004054                sensor_msgs::Imu::getType()
 .text._ZN11sensor_msgs3Imu6getMD5Ev
                0x0000000008004070       0x1c Core/Src/mainpp.o
                0x0000000008004070                sensor_msgs::Imu::getMD5()
 .text.HAL_UART_TxCpltCallback
                0x000000000800408c       0x24 Core/Src/mainpp.o
                0x000000000800408c                HAL_UART_TxCpltCallback
 .text.HAL_UART_RxCpltCallback
                0x00000000080040b0       0x24 Core/Src/mainpp.o
                0x00000000080040b0                HAL_UART_RxCpltCallback
 .text.setup    0x00000000080040d4       0x44 Core/Src/mainpp.o
                0x00000000080040d4                setup
 .text.loop     0x0000000008004118      0x1e8 Core/Src/mainpp.o
                0x0000000008004118                loop
 .text._ZN3ros3Msg8varToArrIPhmEEvT_T0_
                0x0000000008004300       0x3c Core/Src/mainpp.o
                0x0000000008004300                void ros::Msg::varToArr<unsigned char*, unsigned long>(unsigned char*, unsigned long)
 .text._ZN3ros3Msg8arrToVarImPhEEvRT_T0_
                0x000000000800433c       0x4a Core/Src/mainpp.o
                0x000000000800433c                void ros::Msg::arrToVar<unsigned long, unsigned char*>(unsigned long&, unsigned char*)
 .text._ZN3ros11NodeHandle_I13STM32HardwareLi25ELi25ELi512ELi512EE9advertiseERNS_9PublisherE
                0x0000000008004386       0x60 Core/Src/mainpp.o
                0x0000000008004386                ros::NodeHandle_<STM32Hardware, 25, 25, 512, 512>::advertise(ros::Publisher&)
 *fill*         0x00000000080043e6        0x2 
 .text._ZN3ros15NodeHandleBase_C2Ev
                0x00000000080043e8       0x20 Core/Src/mainpp.o
                0x00000000080043e8                ros::NodeHandleBase_::NodeHandleBase_()
                0x00000000080043e8                ros::NodeHandleBase_::NodeHandleBase_()
 .text._ZN3ros11NodeHandle_I13STM32HardwareLi25ELi25ELi512ELi512EEC2Ev
                0x0000000008004408      0x100 Core/Src/mainpp.o
                0x0000000008004408                ros::NodeHandle_<STM32Hardware, 25, 25, 512, 512>::NodeHandle_()
                0x0000000008004408                ros::NodeHandle_<STM32Hardware, 25, 25, 512, 512>::NodeHandle_()
 .text._ZN3ros11NodeHandle_I13STM32HardwareLi25ELi25ELi512ELi512EE11getHardwareEv
                0x0000000008004508       0x18 Core/Src/mainpp.o
                0x0000000008004508                ros::NodeHandle_<STM32Hardware, 25, 25, 512, 512>::getHardware()
 .text._ZN3ros11NodeHandle_I13STM32HardwareLi25ELi25ELi512ELi512EE8initNodeEv
                0x0000000008004520       0x3a Core/Src/mainpp.o
                0x0000000008004520                ros::NodeHandle_<STM32Hardware, 25, 25, 512, 512>::initNode()
 .text._ZN3ros11NodeHandle_I13STM32HardwareLi25ELi25ELi512ELi512EE8spinOnceEv
                0x000000000800455a      0x3b8 Core/Src/mainpp.o
                0x000000000800455a                ros::NodeHandle_<STM32Hardware, 25, 25, 512, 512>::spinOnce()
 .text._ZN3ros11NodeHandle_I13STM32HardwareLi25ELi25ELi512ELi512EE15requestSyncTimeEv
                0x0000000008004912       0x3c Core/Src/mainpp.o
                0x0000000008004912                ros::NodeHandle_<STM32Hardware, 25, 25, 512, 512>::requestSyncTime()
 .text._ZN3ros11NodeHandle_I13STM32HardwareLi25ELi25ELi512ELi512EE15negotiateTopicsEv
                0x000000000800494e      0x1be Core/Src/mainpp.o
                0x000000000800494e                ros::NodeHandle_<STM32Hardware, 25, 25, 512, 512>::negotiateTopics()
 .text._ZN3ros11NodeHandle_I13STM32HardwareLi25ELi25ELi512ELi512EE8syncTimeEPh
                0x0000000008004b0c       0x98 Core/Src/mainpp.o
                0x0000000008004b0c                ros::NodeHandle_<STM32Hardware, 25, 25, 512, 512>::syncTime(unsigned char*)
 .text._ZN3ros11NodeHandle_I13STM32HardwareLi25ELi25ELi512ELi512EE7publishEiPKNS_3MsgE
                0x0000000008004ba4      0x124 Core/Src/mainpp.o
                0x0000000008004ba4                ros::NodeHandle_<STM32Hardware, 25, 25, 512, 512>::publish(int, ros::Msg const*)
 .text._ZN3ros11NodeHandle_I13STM32HardwareLi25ELi25ELi512ELi512EE6setNowERNS_4TimeE
                0x0000000008004cc8       0x80 Core/Src/mainpp.o
                0x0000000008004cc8                ros::NodeHandle_<STM32Hardware, 25, 25, 512, 512>::setNow(ros::Time&)
 .text._ZN3ros11NodeHandle_I13STM32HardwareLi25ELi25ELi512ELi512EE8logerrorEPKc
                0x0000000008004d48       0x1c Core/Src/mainpp.o
                0x0000000008004d48                ros::NodeHandle_<STM32Hardware, 25, 25, 512, 512>::logerror(char const*)
 .text._ZN3ros11NodeHandle_I13STM32HardwareLi25ELi25ELi512ELi512EE3logEcPKc
                0x0000000008004d64       0x38 Core/Src/mainpp.o
                0x0000000008004d64                ros::NodeHandle_<STM32Hardware, 25, 25, 512, 512>::log(char, char const*)
 .text._Z41__static_initialization_and_destruction_0ii
                0x0000000008004d9c       0x4c Core/Src/mainpp.o
 .text._ZN3ros11NodeHandle_I13STM32HardwareLi25ELi25ELi512ELi512EE9connectedEv
                0x0000000008004de8       0x1a Core/Src/mainpp.o
                0x0000000008004de8                ros::NodeHandle_<STM32Hardware, 25, 25, 512, 512>::connected()
 .text._GLOBAL__sub_I_nh
                0x0000000008004e02       0x10 Core/Src/mainpp.o
 *fill*         0x0000000008004e12        0x2 
 .text.HAL_MspInit
                0x0000000008004e14       0x50 Core/Src/stm32f4xx_hal_msp.o
                0x0000000008004e14                HAL_MspInit
 .text.HAL_I2C_MspInit
                0x0000000008004e64       0x90 Core/Src/stm32f4xx_hal_msp.o
                0x0000000008004e64                HAL_I2C_MspInit
 .text.HAL_UART_MspInit
                0x0000000008004ef4      0x16c Core/Src/stm32f4xx_hal_msp.o
                0x0000000008004ef4                HAL_UART_MspInit
 .text.NMI_Handler
                0x0000000008005060        0xe Core/Src/stm32f4xx_it.o
                0x0000000008005060                NMI_Handler
 .text.HardFault_Handler
                0x000000000800506e        0x6 Core/Src/stm32f4xx_it.o
                0x000000000800506e                HardFault_Handler
 .text.MemManage_Handler
                0x0000000008005074        0x6 Core/Src/stm32f4xx_it.o
                0x0000000008005074                MemManage_Handler
 .text.BusFault_Handler
                0x000000000800507a        0x6 Core/Src/stm32f4xx_it.o
                0x000000000800507a                BusFault_Handler
 .text.UsageFault_Handler
                0x0000000008005080        0x6 Core/Src/stm32f4xx_it.o
                0x0000000008005080                UsageFault_Handler
 .text.SVC_Handler
                0x0000000008005086        0xe Core/Src/stm32f4xx_it.o
                0x0000000008005086                SVC_Handler
 .text.DebugMon_Handler
                0x0000000008005094        0xe Core/Src/stm32f4xx_it.o
                0x0000000008005094                DebugMon_Handler
 .text.PendSV_Handler
                0x00000000080050a2        0xe Core/Src/stm32f4xx_it.o
                0x00000000080050a2                PendSV_Handler
 .text.SysTick_Handler
                0x00000000080050b0        0xc Core/Src/stm32f4xx_it.o
                0x00000000080050b0                SysTick_Handler
 .text.DMA1_Stream5_IRQHandler
                0x00000000080050bc       0x14 Core/Src/stm32f4xx_it.o
                0x00000000080050bc                DMA1_Stream5_IRQHandler
 .text.DMA1_Stream6_IRQHandler
                0x00000000080050d0       0x14 Core/Src/stm32f4xx_it.o
                0x00000000080050d0                DMA1_Stream6_IRQHandler
 .text.USART2_IRQHandler
                0x00000000080050e4       0x14 Core/Src/stm32f4xx_it.o
                0x00000000080050e4                USART2_IRQHandler
 .text._getpid  0x00000000080050f8       0x10 Core/Src/syscalls.o
                0x00000000080050f8                _getpid
 .text._kill    0x0000000008005108       0x20 Core/Src/syscalls.o
                0x0000000008005108                _kill
 .text._exit    0x0000000008005128       0x14 Core/Src/syscalls.o
                0x0000000008005128                _exit
 .text._sbrk    0x000000000800513c       0x58 Core/Src/sysmem.o
                0x000000000800513c                _sbrk
 .text.SystemInit
                0x0000000008005194       0x2c Core/Src/system_stm32f4xx.o
                0x0000000008005194                SystemInit
 .text.Reset_Handler
                0x00000000080051c0       0x50 Core/Startup/startup_stm32f411vetx.o
                0x00000000080051c0                Reset_Handler
 .text.Default_Handler
                0x0000000008005210        0x2 Core/Startup/startup_stm32f411vetx.o
                0x0000000008005210                RTC_Alarm_IRQHandler
                0x0000000008005210                EXTI2_IRQHandler
                0x0000000008005210                SPI4_IRQHandler
                0x0000000008005210                TIM1_CC_IRQHandler
                0x0000000008005210                DMA2_Stream5_IRQHandler
                0x0000000008005210                PVD_IRQHandler
                0x0000000008005210                SDIO_IRQHandler
                0x0000000008005210                TAMP_STAMP_IRQHandler
                0x0000000008005210                EXTI3_IRQHandler
                0x0000000008005210                TIM1_UP_TIM10_IRQHandler
                0x0000000008005210                I2C3_ER_IRQHandler
                0x0000000008005210                EXTI0_IRQHandler
                0x0000000008005210                I2C2_EV_IRQHandler
                0x0000000008005210                DMA1_Stream2_IRQHandler
                0x0000000008005210                FPU_IRQHandler
                0x0000000008005210                DMA2_Stream2_IRQHandler
                0x0000000008005210                SPI1_IRQHandler
                0x0000000008005210                TIM1_BRK_TIM9_IRQHandler
                0x0000000008005210                DMA2_Stream3_IRQHandler
                0x0000000008005210                USART6_IRQHandler
                0x0000000008005210                DMA2_Stream0_IRQHandler
                0x0000000008005210                TIM4_IRQHandler
                0x0000000008005210                I2C1_EV_IRQHandler
                0x0000000008005210                DMA1_Stream1_IRQHandler
                0x0000000008005210                TIM3_IRQHandler
                0x0000000008005210                RCC_IRQHandler
                0x0000000008005210                Default_Handler
                0x0000000008005210                EXTI15_10_IRQHandler
                0x0000000008005210                ADC_IRQHandler
                0x0000000008005210                DMA1_Stream7_IRQHandler
                0x0000000008005210                SPI5_IRQHandler
                0x0000000008005210                TIM5_IRQHandler
                0x0000000008005210                DMA2_Stream7_IRQHandler
                0x0000000008005210                I2C3_EV_IRQHandler
                0x0000000008005210                EXTI9_5_IRQHandler
                0x0000000008005210                RTC_WKUP_IRQHandler
                0x0000000008005210                SPI2_IRQHandler
                0x0000000008005210                DMA1_Stream0_IRQHandler
                0x0000000008005210                EXTI4_IRQHandler
                0x0000000008005210                WWDG_IRQHandler
                0x0000000008005210                TIM2_IRQHandler
                0x0000000008005210                OTG_FS_WKUP_IRQHandler
                0x0000000008005210                TIM1_TRG_COM_TIM11_IRQHandler
                0x0000000008005210                EXTI1_IRQHandler
                0x0000000008005210                I2C2_ER_IRQHandler
                0x0000000008005210                DMA2_Stream1_IRQHandler
                0x0000000008005210                FLASH_IRQHandler
                0x0000000008005210                DMA2_Stream4_IRQHandler
                0x0000000008005210                USART1_IRQHandler
                0x0000000008005210                OTG_FS_IRQHandler
                0x0000000008005210                SPI3_IRQHandler
                0x0000000008005210                DMA1_Stream4_IRQHandler
                0x0000000008005210                I2C1_ER_IRQHandler
                0x0000000008005210                DMA2_Stream6_IRQHandler
                0x0000000008005210                DMA1_Stream3_IRQHandler
 *fill*         0x0000000008005212        0x2 
 .text.HAL_Init
                0x0000000008005214       0x44 Drivers/STM32F4xx_HAL_Driver/Src/stm32f4xx_hal.o
                0x0000000008005214                HAL_Init
 .text.HAL_InitTick
                0x0000000008005258       0x60 Drivers/STM32F4xx_HAL_Driver/Src/stm32f4xx_hal.o
                0x0000000008005258                HAL_InitTick
 .text.HAL_IncTick
                0x00000000080052b8       0x28 Drivers/STM32F4xx_HAL_Driver/Src/stm32f4xx_hal.o
                0x00000000080052b8                HAL_IncTick
 .text.HAL_GetTick
                0x00000000080052e0       0x18 Drivers/STM32F4xx_HAL_Driver/Src/stm32f4xx_hal.o
                0x00000000080052e0                HAL_GetTick
 .text.HAL_Delay
                0x00000000080052f8       0x44 Drivers/STM32F4xx_HAL_Driver/Src/stm32f4xx_hal.o
                0x00000000080052f8                HAL_Delay
 .text.__NVIC_SetPriorityGrouping
                0x000000000800533c       0x48 Drivers/STM32F4xx_HAL_Driver/Src/stm32f4xx_hal_cortex.o
 .text.__NVIC_GetPriorityGrouping
                0x0000000008005384       0x1c Drivers/STM32F4xx_HAL_Driver/Src/stm32f4xx_hal_cortex.o
 .text.__NVIC_EnableIRQ
                0x00000000080053a0       0x3c Drivers/STM32F4xx_HAL_Driver/Src/stm32f4xx_hal_cortex.o
 .text.__NVIC_SetPriority
                0x00000000080053dc       0x54 Drivers/STM32F4xx_HAL_Driver/Src/stm32f4xx_hal_cortex.o
 .text.NVIC_EncodePriority
                0x0000000008005430       0x66 Drivers/STM32F4xx_HAL_Driver/Src/stm32f4xx_hal_cortex.o
 *fill*         0x0000000008005496        0x2 
 .text.SysTick_Config
                0x0000000008005498       0x44 Drivers/STM32F4xx_HAL_Driver/Src/stm32f4xx_hal_cortex.o
 .text.HAL_NVIC_SetPriorityGrouping
                0x00000000080054dc       0x16 Drivers/STM32F4xx_HAL_Driver/Src/stm32f4xx_hal_cortex.o
                0x00000000080054dc                HAL_NVIC_SetPriorityGrouping
 .text.HAL_NVIC_SetPriority
                0x00000000080054f2       0x38 Drivers/STM32F4xx_HAL_Driver/Src/stm32f4xx_hal_cortex.o
                0x00000000080054f2                HAL_NVIC_SetPriority
 .text.HAL_NVIC_EnableIRQ
                0x000000000800552a       0x1c Drivers/STM32F4xx_HAL_Driver/Src/stm32f4xx_hal_cortex.o
                0x000000000800552a                HAL_NVIC_EnableIRQ
 .text.HAL_SYSTICK_Config
                0x0000000008005546       0x18 Drivers/STM32F4xx_HAL_Driver/Src/stm32f4xx_hal_cortex.o
                0x0000000008005546                HAL_SYSTICK_Config
 *fill*         0x000000000800555e        0x2 
 .text.HAL_DMA_Init
                0x0000000008005560      0x15c Drivers/STM32F4xx_HAL_Driver/Src/stm32f4xx_hal_dma.o
                0x0000000008005560                HAL_DMA_Init
 .text.HAL_DMA_Start_IT
                0x00000000080056bc       0xb0 Drivers/STM32F4xx_HAL_Driver/Src/stm32f4xx_hal_dma.o
                0x00000000080056bc                HAL_DMA_Start_IT
 .text.HAL_DMA_Abort_IT
                0x000000000800576c       0x44 Drivers/STM32F4xx_HAL_Driver/Src/stm32f4xx_hal_dma.o
                0x000000000800576c                HAL_DMA_Abort_IT
 .text.HAL_DMA_IRQHandler
                0x00000000080057b0      0x314 Drivers/STM32F4xx_HAL_Driver/Src/stm32f4xx_hal_dma.o
                0x00000000080057b0                HAL_DMA_IRQHandler
 .text.DMA_SetConfig
                0x0000000008005ac4       0x5c Drivers/STM32F4xx_HAL_Driver/Src/stm32f4xx_hal_dma.o
 .text.DMA_CalcBaseAndBitshift
                0x0000000008005b20       0x6c Drivers/STM32F4xx_HAL_Driver/Src/stm32f4xx_hal_dma.o
 .text.DMA_CheckFifoParam
                0x0000000008005b8c       0xf4 Drivers/STM32F4xx_HAL_Driver/Src/stm32f4xx_hal_dma.o
 .text.HAL_GPIO_Init
                0x0000000008005c80      0x304 Drivers/STM32F4xx_HAL_Driver/Src/stm32f4xx_hal_gpio.o
                0x0000000008005c80                HAL_GPIO_Init
 .text.HAL_GPIO_WritePin
                0x0000000008005f84       0x32 Drivers/STM32F4xx_HAL_Driver/Src/stm32f4xx_hal_gpio.o
                0x0000000008005f84                HAL_GPIO_WritePin
 .text.HAL_GPIO_TogglePin
                0x0000000008005fb6       0x36 Drivers/STM32F4xx_HAL_Driver/Src/stm32f4xx_hal_gpio.o
                0x0000000008005fb6                HAL_GPIO_TogglePin
 .text.HAL_I2C_Init
                0x0000000008005fec      0x270 Drivers/STM32F4xx_HAL_Driver/Src/stm32f4xx_hal_i2c.o
                0x0000000008005fec                HAL_I2C_Init
 .text.HAL_I2C_Mem_Write
                0x000000000800625c      0x1f4 Drivers/STM32F4xx_HAL_Driver/Src/stm32f4xx_hal_i2c.o
                0x000000000800625c                HAL_I2C_Mem_Write
 .text.HAL_I2C_Mem_Read
                0x0000000008006450      0x44c Drivers/STM32F4xx_HAL_Driver/Src/stm32f4xx_hal_i2c.o
                0x0000000008006450                HAL_I2C_Mem_Read
 .text.I2C_RequestMemoryWrite
                0x000000000800689c      0x128 Drivers/STM32F4xx_HAL_Driver/Src/stm32f4xx_hal_i2c.o
 .text.I2C_RequestMemoryRead
                0x00000000080069c4      0x1cc Drivers/STM32F4xx_HAL_Driver/Src/stm32f4xx_hal_i2c.o
 .text.I2C_WaitOnFlagUntilTimeout
                0x0000000008006b90       0xae Drivers/STM32F4xx_HAL_Driver/Src/stm32f4xx_hal_i2c.o
 .text.I2C_WaitOnMasterAddressFlagUntilTimeout
                0x0000000008006c3e       0xfe Drivers/STM32F4xx_HAL_Driver/Src/stm32f4xx_hal_i2c.o
 .text.I2C_WaitOnTXEFlagUntilTimeout
                0x0000000008006d3c       0x82 Drivers/STM32F4xx_HAL_Driver/Src/stm32f4xx_hal_i2c.o
 .text.I2C_WaitOnBTFFlagUntilTimeout
                0x0000000008006dbe       0x82 Drivers/STM32F4xx_HAL_Driver/Src/stm32f4xx_hal_i2c.o
 .text.I2C_WaitOnRXNEFlagUntilTimeout
                0x0000000008006e40       0xac Drivers/STM32F4xx_HAL_Driver/Src/stm32f4xx_hal_i2c.o
 .text.I2C_IsAcknowledgeFailed
                0x0000000008006eec       0x5e Drivers/STM32F4xx_HAL_Driver/Src/stm32f4xx_hal_i2c.o
 *fill*         0x0000000008006f4a        0x2 
 .text.HAL_RCC_OscConfig
                0x0000000008006f4c      0x4e0 Drivers/STM32F4xx_HAL_Driver/Src/stm32f4xx_hal_rcc.o
                0x0000000008006f4c                HAL_RCC_OscConfig
 .text.HAL_RCC_ClockConfig
                0x000000000800742c      0x1cc Drivers/STM32F4xx_HAL_Driver/Src/stm32f4xx_hal_rcc.o
                0x000000000800742c                HAL_RCC_ClockConfig
 .text.HAL_RCC_GetSysClockFreq
                0x00000000080075f8      0x164 Drivers/STM32F4xx_HAL_Driver/Src/stm32f4xx_hal_rcc.o
                0x00000000080075f8                HAL_RCC_GetSysClockFreq
 .text.HAL_RCC_GetHCLKFreq
                0x000000000800775c       0x18 Drivers/STM32F4xx_HAL_Driver/Src/stm32f4xx_hal_rcc.o
                0x000000000800775c                HAL_RCC_GetHCLKFreq
 .text.HAL_RCC_GetPCLK1Freq
                0x0000000008007774       0x28 Drivers/STM32F4xx_HAL_Driver/Src/stm32f4xx_hal_rcc.o
                0x0000000008007774                HAL_RCC_GetPCLK1Freq
 .text.HAL_RCC_GetPCLK2Freq
                0x000000000800779c       0x28 Drivers/STM32F4xx_HAL_Driver/Src/stm32f4xx_hal_rcc.o
                0x000000000800779c                HAL_RCC_GetPCLK2Freq
 .text.HAL_UART_Init
                0x00000000080077c4       0x9a Drivers/STM32F4xx_HAL_Driver/Src/stm32f4xx_hal_uart.o
                0x00000000080077c4                HAL_UART_Init
 *fill*         0x000000000800785e        0x2 
 .text.HAL_UART_Transmit_DMA
                0x0000000008007860       0xd8 Drivers/STM32F4xx_HAL_Driver/Src/stm32f4xx_hal_uart.o
                0x0000000008007860                HAL_UART_Transmit_DMA
 .text.HAL_UART_Receive_DMA
                0x0000000008007938      0x100 Drivers/STM32F4xx_HAL_Driver/Src/stm32f4xx_hal_uart.o
                0x0000000008007938                HAL_UART_Receive_DMA
 .text.HAL_UART_IRQHandler
                0x0000000008007a38      0x200 Drivers/STM32F4xx_HAL_Driver/Src/stm32f4xx_hal_uart.o
                0x0000000008007a38                HAL_UART_IRQHandler
 .text.HAL_UART_TxHalfCpltCallback
                0x0000000008007c38       0x14 Drivers/STM32F4xx_HAL_Driver/Src/stm32f4xx_hal_uart.o
                0x0000000008007c38                HAL_UART_TxHalfCpltCallback
 .text.HAL_UART_RxHalfCpltCallback
                0x0000000008007c4c       0x14 Drivers/STM32F4xx_HAL_Driver/Src/stm32f4xx_hal_uart.o
                0x0000000008007c4c                HAL_UART_RxHalfCpltCallback
 .text.HAL_UART_ErrorCallback
                0x0000000008007c60       0x14 Drivers/STM32F4xx_HAL_Driver/Src/stm32f4xx_hal_uart.o
                0x0000000008007c60                HAL_UART_ErrorCallback
 .text.UART_DMATransmitCplt
                0x0000000008007c74       0x52 Drivers/STM32F4xx_HAL_Driver/Src/stm32f4xx_hal_uart.o
 .text.UART_DMATxHalfCplt
                0x0000000008007cc6       0x1c Drivers/STM32F4xx_HAL_Driver/Src/stm32f4xx_hal_uart.o
 .text.UART_DMAReceiveCplt
                0x0000000008007ce2       0x68 Drivers/STM32F4xx_HAL_Driver/Src/stm32f4xx_hal_uart.o
 .text.UART_DMARxHalfCplt
                0x0000000008007d4a       0x1c Drivers/STM32F4xx_HAL_Driver/Src/stm32f4xx_hal_uart.o
 .text.UART_DMAError
                0x0000000008007d66       0x94 Drivers/STM32F4xx_HAL_Driver/Src/stm32f4xx_hal_uart.o
 .text.UART_EndTxTransfer
                0x0000000008007dfa       0x2c Drivers/STM32F4xx_HAL_Driver/Src/stm32f4xx_hal_uart.o
 .text.UART_EndRxTransfer
                0x0000000008007e26       0x3c Drivers/STM32F4xx_HAL_Driver/Src/stm32f4xx_hal_uart.o
 .text.UART_DMAAbortOnError
                0x0000000008007e62       0x28 Drivers/STM32F4xx_HAL_Driver/Src/stm32f4xx_hal_uart.o
 .text.UART_Transmit_IT
                0x0000000008007e8a       0xac Drivers/STM32F4xx_HAL_Driver/Src/stm32f4xx_hal_uart.o
 .text.UART_EndTransmit_IT
                0x0000000008007f36       0x30 Drivers/STM32F4xx_HAL_Driver/Src/stm32f4xx_hal_uart.o
 .text.UART_Receive_IT
                0x0000000008007f66      0x102 Drivers/STM32F4xx_HAL_Driver/Src/stm32f4xx_hal_uart.o
 .text.UART_SetConfig
                0x0000000008008068      0x6f8 Drivers/STM32F4xx_HAL_Driver/Src/stm32f4xx_hal_uart.o
 .text.__cxa_pure_virtual
                0x0000000008008760        0x6 /opt/st/stm32cubeide_1.3.0/plugins/com.st.stm32cube.ide.mcu.externaltools.gnu-tools-for-stm32.7-2018-q2-update.linux64_1.0.0.201904181610/tools/bin/../lib/gcc/arm-none-eabi/7.3.1/../../../../arm-none-eabi/lib/thumb/v7e-m/fpv4-sp/hard/libstdc++_nano.a(pure.o)
                0x0000000008008760                __cxa_pure_virtual
 .text._ZN10__cxxabiv111__terminateEPFvvE
                0x0000000008008766        0x8 /opt/st/stm32cubeide_1.3.0/plugins/com.st.stm32cube.ide.mcu.externaltools.gnu-tools-for-stm32.7-2018-q2-update.linux64_1.0.0.201904181610/tools/bin/../lib/gcc/arm-none-eabi/7.3.1/../../../../arm-none-eabi/lib/thumb/v7e-m/fpv4-sp/hard/libstdc++_nano.a(eh_terminate.o)
                0x0000000008008766                __cxxabiv1::__terminate(void (*)())
 *fill*         0x000000000800876e        0x2 
 .text._ZSt13get_terminatev
                0x0000000008008770       0x10 /opt/st/stm32cubeide_1.3.0/plugins/com.st.stm32cube.ide.mcu.externaltools.gnu-tools-for-stm32.7-2018-q2-update.linux64_1.0.0.201904181610/tools/bin/../lib/gcc/arm-none-eabi/7.3.1/../../../../arm-none-eabi/lib/thumb/v7e-m/fpv4-sp/hard/libstdc++_nano.a(eh_terminate.o)
                0x0000000008008770                std::get_terminate()
 .text._ZSt9terminatev
                0x0000000008008780        0xa /opt/st/stm32cubeide_1.3.0/plugins/com.st.stm32cube.ide.mcu.externaltools.gnu-tools-for-stm32.7-2018-q2-update.linux64_1.0.0.201904181610/tools/bin/../lib/gcc/arm-none-eabi/7.3.1/../../../../arm-none-eabi/lib/thumb/v7e-m/fpv4-sp/hard/libstdc++_nano.a(eh_terminate.o)
                0x0000000008008780                std::terminate()
 .text.abort    0x000000000800878a        0xe /opt/st/stm32cubeide_1.3.0/plugins/com.st.stm32cube.ide.mcu.externaltools.gnu-tools-for-stm32.7-2018-q2-update.linux64_1.0.0.201904181610/tools/bin/../lib/gcc/arm-none-eabi/7.3.1/../../../../arm-none-eabi/lib/thumb/v7e-m/fpv4-sp/hard/libc_nano.a(lib_a-abort.o)
                0x000000000800878a                abort
 .text.__errno  0x0000000008008798        0xc /opt/st/stm32cubeide_1.3.0/plugins/com.st.stm32cube.ide.mcu.externaltools.gnu-tools-for-stm32.7-2018-q2-update.linux64_1.0.0.201904181610/tools/bin/../lib/gcc/arm-none-eabi/7.3.1/../../../../arm-none-eabi/lib/thumb/v7e-m/fpv4-sp/hard/libc_nano.a(lib_a-errno.o)
                0x0000000008008798                __errno
 .text.__libc_init_array
                0x00000000080087a4       0x48 /opt/st/stm32cubeide_1.3.0/plugins/com.st.stm32cube.ide.mcu.externaltools.gnu-tools-for-stm32.7-2018-q2-update.linux64_1.0.0.201904181610/tools/bin/../lib/gcc/arm-none-eabi/7.3.1/../../../../arm-none-eabi/lib/thumb/v7e-m/fpv4-sp/hard/libc_nano.a(lib_a-init.o)
                0x00000000080087a4                __libc_init_array
 .text.memcpy   0x00000000080087ec       0x16 /opt/st/stm32cubeide_1.3.0/plugins/com.st.stm32cube.ide.mcu.externaltools.gnu-tools-for-stm32.7-2018-q2-update.linux64_1.0.0.201904181610/tools/bin/../lib/gcc/arm-none-eabi/7.3.1/../../../../arm-none-eabi/lib/thumb/v7e-m/fpv4-sp/hard/libc_nano.a(lib_a-memcpy-stub.o)
                0x00000000080087ec                memcpy
 .text.memset   0x0000000008008802       0x10 /opt/st/stm32cubeide_1.3.0/plugins/com.st.stm32cube.ide.mcu.externaltools.gnu-tools-for-stm32.7-2018-q2-update.linux64_1.0.0.201904181610/tools/bin/../lib/gcc/arm-none-eabi/7.3.1/../../../../arm-none-eabi/lib/thumb/v7e-m/fpv4-sp/hard/libc_nano.a(lib_a-memset.o)
                0x0000000008008802                memset
 *fill*         0x0000000008008812        0x2 
 .text.realloc  0x0000000008008814       0x10 /opt/st/stm32cubeide_1.3.0/plugins/com.st.stm32cube.ide.mcu.externaltools.gnu-tools-for-stm32.7-2018-q2-update.linux64_1.0.0.201904181610/tools/bin/../lib/gcc/arm-none-eabi/7.3.1/../../../../arm-none-eabi/lib/thumb/v7e-m/fpv4-sp/hard/libc_nano.a(lib_a-realloc.o)
                0x0000000008008814                realloc
 .text._raise_r
                0x0000000008008824       0x50 /opt/st/stm32cubeide_1.3.0/plugins/com.st.stm32cube.ide.mcu.externaltools.gnu-tools-for-stm32.7-2018-q2-update.linux64_1.0.0.201904181610/tools/bin/../lib/gcc/arm-none-eabi/7.3.1/../../../../arm-none-eabi/lib/thumb/v7e-m/fpv4-sp/hard/libc_nano.a(lib_a-signal.o)
                0x0000000008008824                _raise_r
 .text.raise    0x0000000008008874       0x10 /opt/st/stm32cubeide_1.3.0/plugins/com.st.stm32cube.ide.mcu.externaltools.gnu-tools-for-stm32.7-2018-q2-update.linux64_1.0.0.201904181610/tools/bin/../lib/gcc/arm-none-eabi/7.3.1/../../../../arm-none-eabi/lib/thumb/v7e-m/fpv4-sp/hard/libc_nano.a(lib_a-signal.o)
                0x0000000008008874                raise
 .text._kill_r  0x0000000008008884       0x24 /opt/st/stm32cubeide_1.3.0/plugins/com.st.stm32cube.ide.mcu.externaltools.gnu-tools-for-stm32.7-2018-q2-update.linux64_1.0.0.201904181610/tools/bin/../lib/gcc/arm-none-eabi/7.3.1/../../../../arm-none-eabi/lib/thumb/v7e-m/fpv4-sp/hard/libc_nano.a(lib_a-signalr.o)
                0x0000000008008884                _kill_r
 .text._getpid_r
                0x00000000080088a8        0x4 /opt/st/stm32cubeide_1.3.0/plugins/com.st.stm32cube.ide.mcu.externaltools.gnu-tools-for-stm32.7-2018-q2-update.linux64_1.0.0.201904181610/tools/bin/../lib/gcc/arm-none-eabi/7.3.1/../../../../arm-none-eabi/lib/thumb/v7e-m/fpv4-sp/hard/libc_nano.a(lib_a-signalr.o)
                0x00000000080088a8                _getpid_r
 .text._malloc_r
                0x00000000080088ac       0xb4 /opt/st/stm32cubeide_1.3.0/plugins/com.st.stm32cube.ide.mcu.externaltools.gnu-tools-for-stm32.7-2018-q2-update.linux64_1.0.0.201904181610/tools/bin/../lib/gcc/arm-none-eabi/7.3.1/../../../../arm-none-eabi/lib/thumb/v7e-m/fpv4-sp/hard/libc_nano.a(lib_a-nano-mallocr.o)
                0x00000000080088ac                _malloc_r
 .text._realloc_r
                0x0000000008008960       0x4c /opt/st/stm32cubeide_1.3.0/plugins/com.st.stm32cube.ide.mcu.externaltools.gnu-tools-for-stm32.7-2018-q2-update.linux64_1.0.0.201904181610/tools/bin/../lib/gcc/arm-none-eabi/7.3.1/../../../../arm-none-eabi/lib/thumb/v7e-m/fpv4-sp/hard/libc_nano.a(lib_a-nano-reallocr.o)
                0x0000000008008960                _realloc_r
 .text._sbrk_r  0x00000000080089ac       0x20 /opt/st/stm32cubeide_1.3.0/plugins/com.st.stm32cube.ide.mcu.externaltools.gnu-tools-for-stm32.7-2018-q2-update.linux64_1.0.0.201904181610/tools/bin/../lib/gcc/arm-none-eabi/7.3.1/../../../../arm-none-eabi/lib/thumb/v7e-m/fpv4-sp/hard/libc_nano.a(lib_a-sbrkr.o)
                0x00000000080089ac                _sbrk_r
 .text.__malloc_lock
                0x00000000080089cc        0x2 /opt/st/stm32cubeide_1.3.0/plugins/com.st.stm32cube.ide.mcu.externaltools.gnu-tools-for-stm32.7-2018-q2-update.linux64_1.0.0.201904181610/tools/bin/../lib/gcc/arm-none-eabi/7.3.1/../../../../arm-none-eabi/lib/thumb/v7e-m/fpv4-sp/hard/libc_nano.a(lib_a-mlock.o)
                0x00000000080089cc                __malloc_lock
 .text.__malloc_unlock
                0x00000000080089ce        0x2 /opt/st/stm32cubeide_1.3.0/plugins/com.st.stm32cube.ide.mcu.externaltools.gnu-tools-for-stm32.7-2018-q2-update.linux64_1.0.0.201904181610/tools/bin/../lib/gcc/arm-none-eabi/7.3.1/../../../../arm-none-eabi/lib/thumb/v7e-m/fpv4-sp/hard/libc_nano.a(lib_a-mlock.o)
                0x00000000080089ce                __malloc_unlock
 .text._free_r  0x00000000080089d0       0x9c /opt/st/stm32cubeide_1.3.0/plugins/com.st.stm32cube.ide.mcu.externaltools.gnu-tools-for-stm32.7-2018-q2-update.linux64_1.0.0.201904181610/tools/bin/../lib/gcc/arm-none-eabi/7.3.1/../../../../arm-none-eabi/lib/thumb/v7e-m/fpv4-sp/hard/libc_nano.a(lib_a-nano-freer.o)
                0x00000000080089d0                _free_r
 .text._malloc_usable_size_r
                0x0000000008008a6c       0x10 /opt/st/stm32cubeide_1.3.0/plugins/com.st.stm32cube.ide.mcu.externaltools.gnu-tools-for-stm32.7-2018-q2-update.linux64_1.0.0.201904181610/tools/bin/../lib/gcc/arm-none-eabi/7.3.1/../../../../arm-none-eabi/lib/thumb/v7e-m/fpv4-sp/hard/libc_nano.a(lib_a-nano-msizer.o)
                0x0000000008008a6c                _malloc_usable_size_r
 *(.glue_7)
 .glue_7        0x0000000008008a7c        0x0 linker stubs
 *(.glue_7t)
 .glue_7t       0x0000000008008a7c        0x0 linker stubs
 *(.eh_frame)
 .eh_frame      0x0000000008008a7c        0x0 /opt/st/stm32cubeide_1.3.0/plugins/com.st.stm32cube.ide.mcu.externaltools.gnu-tools-for-stm32.7-2018-q2-update.linux64_1.0.0.201904181610/tools/bin/../lib/gcc/arm-none-eabi/7.3.1/thumb/v7e-m/fpv4-sp/hard/crtbegin.o
 *(.init)
 .init          0x0000000008008a7c        0x4 /opt/st/stm32cubeide_1.3.0/plugins/com.st.stm32cube.ide.mcu.externaltools.gnu-tools-for-stm32.7-2018-q2-update.linux64_1.0.0.201904181610/tools/bin/../lib/gcc/arm-none-eabi/7.3.1/thumb/v7e-m/fpv4-sp/hard/crti.o
                0x0000000008008a7c                _init
 .init          0x0000000008008a80        0x8 /opt/st/stm32cubeide_1.3.0/plugins/com.st.stm32cube.ide.mcu.externaltools.gnu-tools-for-stm32.7-2018-q2-update.linux64_1.0.0.201904181610/tools/bin/../lib/gcc/arm-none-eabi/7.3.1/thumb/v7e-m/fpv4-sp/hard/crtn.o
 *(.fini)
 .fini          0x0000000008008a88        0x4 /opt/st/stm32cubeide_1.3.0/plugins/com.st.stm32cube.ide.mcu.externaltools.gnu-tools-for-stm32.7-2018-q2-update.linux64_1.0.0.201904181610/tools/bin/../lib/gcc/arm-none-eabi/7.3.1/thumb/v7e-m/fpv4-sp/hard/crti.o
                0x0000000008008a88                _fini
 .fini          0x0000000008008a8c        0x8 /opt/st/stm32cubeide_1.3.0/plugins/com.st.stm32cube.ide.mcu.externaltools.gnu-tools-for-stm32.7-2018-q2-update.linux64_1.0.0.201904181610/tools/bin/../lib/gcc/arm-none-eabi/7.3.1/thumb/v7e-m/fpv4-sp/hard/crtn.o
                0x0000000008008a94                . = ALIGN (0x4)
                0x0000000008008a94                _etext = .

.vfp11_veneer   0x0000000008008a94        0x0
 .vfp11_veneer  0x0000000008008a94        0x0 linker stubs

.v4_bx          0x0000000008008a94        0x0
 .v4_bx         0x0000000008008a94        0x0 linker stubs

.iplt           0x0000000008008a94        0x0
 .iplt          0x0000000008008a94        0x0 /opt/st/stm32cubeide_1.3.0/plugins/com.st.stm32cube.ide.mcu.externaltools.gnu-tools-for-stm32.7-2018-q2-update.linux64_1.0.0.201904181610/tools/bin/../lib/gcc/arm-none-eabi/7.3.1/thumb/v7e-m/fpv4-sp/hard/crtbegin.o

.rodata         0x0000000008008a94      0x334
                0x0000000008008a94                . = ALIGN (0x4)
 *(.rodata)
 .rodata        0x0000000008008a94      0x1f8 Core/Src/mainpp.o
 *(.rodata*)
 .rodata._ZN14rosserial_msgsL12REQUESTPARAME
                0x0000000008008c8c       0x1c Core/Src/mainpp.o
 .rodata._ZTVN11sensor_msgs3ImuE
                0x0000000008008ca8       0x18 Core/Src/mainpp.o
                0x0000000008008ca8                vtable for sensor_msgs::Imu
 .rodata._ZTVN3ros11NodeHandle_I13STM32HardwareLi25ELi25ELi512ELi512EEE
                0x0000000008008cc0       0x14 Core/Src/mainpp.o
                0x0000000008008cc0                vtable for ros::NodeHandle_<STM32Hardware, 25, 25, 512, 512>
 .rodata._ZTVN13geometry_msgs10QuaternionE
                0x0000000008008cd4       0x18 Core/Src/mainpp.o
                0x0000000008008cd4                vtable for geometry_msgs::Quaternion
 .rodata._ZTVN13geometry_msgs7Vector3E
                0x0000000008008cec       0x18 Core/Src/mainpp.o
                0x0000000008008cec                vtable for geometry_msgs::Vector3
 .rodata._ZTVN8std_msgs6HeaderE
                0x0000000008008d04       0x18 Core/Src/mainpp.o
                0x0000000008008d04                vtable for std_msgs::Header
 .rodata._ZTVN3ros15NodeHandleBase_E
                0x0000000008008d1c       0x14 Core/Src/mainpp.o
                0x0000000008008d1c                vtable for ros::NodeHandleBase_
 .rodata._ZTVN14rosserial_msgs20RequestParamResponseE
                0x0000000008008d30       0x18 Core/Src/mainpp.o
                0x0000000008008d30                vtable for rosserial_msgs::RequestParamResponse
 .rodata._ZTVN14rosserial_msgs3LogE
                0x0000000008008d48       0x18 Core/Src/mainpp.o
                0x0000000008008d48                vtable for rosserial_msgs::Log
 .rodata._ZTVN14rosserial_msgs9TopicInfoE
                0x0000000008008d60       0x18 Core/Src/mainpp.o
                0x0000000008008d60                vtable for rosserial_msgs::TopicInfo
 .rodata._ZTVN8std_msgs4TimeE
                0x0000000008008d78       0x18 Core/Src/mainpp.o
                0x0000000008008d78                vtable for std_msgs::Time
 .rodata._ZTVN3ros3MsgE
                0x0000000008008d90       0x18 Core/Src/mainpp.o
                0x0000000008008d90                vtable for ros::Msg
 .rodata.AHBPrescTable
                0x0000000008008da8       0x10 Core/Src/system_stm32f4xx.o
                0x0000000008008da8                AHBPrescTable
 .rodata.APBPrescTable
                0x0000000008008db8        0x8 Core/Src/system_stm32f4xx.o
                0x0000000008008db8                APBPrescTable
 .rodata.flagBitshiftOffset.7718
                0x0000000008008dc0        0x8 Drivers/STM32F4xx_HAL_Driver/Src/stm32f4xx_hal_dma.o
                0x0000000008008dc8                . = ALIGN (0x4)

.ARM.extab      0x0000000008008dc8        0x0
                0x0000000008008dc8                . = ALIGN (0x4)
 *(.ARM.extab* .gnu.linkonce.armextab.*)
                0x0000000008008dc8                . = ALIGN (0x4)

.ARM            0x0000000008008dc8        0x8
                0x0000000008008dc8                . = ALIGN (0x4)
                0x0000000008008dc8                __exidx_start = .
 *(.ARM.exidx*)
 .ARM.exidx     0x0000000008008dc8        0x8 /opt/st/stm32cubeide_1.3.0/plugins/com.st.stm32cube.ide.mcu.externaltools.gnu-tools-for-stm32.7-2018-q2-update.linux64_1.0.0.201904181610/tools/bin/../lib/gcc/arm-none-eabi/7.3.1/thumb/v7e-m/fpv4-sp/hard/libgcc.a(_udivmoddi4.o)
                0x0000000008008dd0                __exidx_end = .
                0x0000000008008dd0                . = ALIGN (0x4)

.rel.dyn        0x0000000008008dd0        0x0
 .rel.iplt      0x0000000008008dd0        0x0 /opt/st/stm32cubeide_1.3.0/plugins/com.st.stm32cube.ide.mcu.externaltools.gnu-tools-for-stm32.7-2018-q2-update.linux64_1.0.0.201904181610/tools/bin/../lib/gcc/arm-none-eabi/7.3.1/thumb/v7e-m/fpv4-sp/hard/crtbegin.o

.preinit_array  0x0000000008008dd0        0x0
                0x0000000008008dd0                . = ALIGN (0x4)
                0x0000000008008dd0                PROVIDE (__preinit_array_start = .)
 *(.preinit_array*)
                0x0000000008008dd0                PROVIDE (__preinit_array_end = .)
                0x0000000008008dd0                . = ALIGN (0x4)

.init_array     0x0000000008008dd0        0x8
                0x0000000008008dd0                . = ALIGN (0x4)
                0x0000000008008dd0                PROVIDE (__init_array_start = .)
 *(SORT_BY_NAME(.init_array.*))
 *(.init_array*)
 .init_array    0x0000000008008dd0        0x4 /opt/st/stm32cubeide_1.3.0/plugins/com.st.stm32cube.ide.mcu.externaltools.gnu-tools-for-stm32.7-2018-q2-update.linux64_1.0.0.201904181610/tools/bin/../lib/gcc/arm-none-eabi/7.3.1/thumb/v7e-m/fpv4-sp/hard/crtbegin.o
 .init_array    0x0000000008008dd4        0x4 Core/Src/mainpp.o
                0x0000000008008dd8                PROVIDE (__init_array_end = .)
                0x0000000008008dd8                . = ALIGN (0x4)

.fini_array     0x0000000008008dd8        0x4
                0x0000000008008dd8                . = ALIGN (0x4)
                [!provide]                        PROVIDE (__fini_array_start = .)
 *(SORT_BY_NAME(.fini_array.*))
 *(.fini_array*)
 .fini_array    0x0000000008008dd8        0x4 /opt/st/stm32cubeide_1.3.0/plugins/com.st.stm32cube.ide.mcu.externaltools.gnu-tools-for-stm32.7-2018-q2-update.linux64_1.0.0.201904181610/tools/bin/../lib/gcc/arm-none-eabi/7.3.1/thumb/v7e-m/fpv4-sp/hard/crtbegin.o
                [!provide]                        PROVIDE (__fini_array_end = .)
                0x0000000008008ddc                . = ALIGN (0x4)
                0x0000000008008ddc                _sidata = LOADADDR (.data)

.data           0x0000000020000000       0x7c load address 0x0000000008008ddc
                0x0000000020000000                . = ALIGN (0x4)
                0x0000000020000000                _sdata = .
 *(.data)
 *(.data*)
 .data.odom     0x0000000020000000        0x5 Core/Src/mainpp.o
                0x0000000020000000                odom
 *fill*         0x0000000020000005        0x3 
 .data.SystemCoreClock
                0x0000000020000008        0x4 Core/Src/system_stm32f4xx.o
                0x0000000020000008                SystemCoreClock
 .data.uwTickPrio
                0x000000002000000c        0x4 Drivers/STM32F4xx_HAL_Driver/Src/stm32f4xx_hal.o
                0x000000002000000c                uwTickPrio
 .data.uwTickFreq
                0x0000000020000010        0x1 Drivers/STM32F4xx_HAL_Driver/Src/stm32f4xx_hal.o
                0x0000000020000010                uwTickFreq
 *fill*         0x0000000020000011        0x3 
 .data._ZN10__cxxabiv119__terminate_handlerE
                0x0000000020000014        0x4 /opt/st/stm32cubeide_1.3.0/plugins/com.st.stm32cube.ide.mcu.externaltools.gnu-tools-for-stm32.7-2018-q2-update.linux64_1.0.0.201904181610/tools/bin/../lib/gcc/arm-none-eabi/7.3.1/../../../../arm-none-eabi/lib/thumb/v7e-m/fpv4-sp/hard/libstdc++_nano.a(eh_term_handler.o)
                0x0000000020000014                __cxxabiv1::__terminate_handler
 .data._impure_ptr
                0x0000000020000018        0x4 /opt/st/stm32cubeide_1.3.0/plugins/com.st.stm32cube.ide.mcu.externaltools.gnu-tools-for-stm32.7-2018-q2-update.linux64_1.0.0.201904181610/tools/bin/../lib/gcc/arm-none-eabi/7.3.1/../../../../arm-none-eabi/lib/thumb/v7e-m/fpv4-sp/hard/libc_nano.a(lib_a-impure.o)
                0x0000000020000018                _impure_ptr
 .data.impure_data
                0x000000002000001c       0x60 /opt/st/stm32cubeide_1.3.0/plugins/com.st.stm32cube.ide.mcu.externaltools.gnu-tools-for-stm32.7-2018-q2-update.linux64_1.0.0.201904181610/tools/bin/../lib/gcc/arm-none-eabi/7.3.1/../../../../arm-none-eabi/lib/thumb/v7e-m/fpv4-sp/hard/libc_nano.a(lib_a-impure.o)
                0x000000002000007c                . = ALIGN (0x4)
                0x000000002000007c                _edata = .

.igot.plt       0x000000002000007c        0x0 load address 0x0000000008008e58
 .igot.plt      0x000000002000007c        0x0 /opt/st/stm32cubeide_1.3.0/plugins/com.st.stm32cube.ide.mcu.externaltools.gnu-tools-for-stm32.7-2018-q2-update.linux64_1.0.0.201904181610/tools/bin/../lib/gcc/arm-none-eabi/7.3.1/thumb/v7e-m/fpv4-sp/hard/crtbegin.o
                0x000000002000007c                . = ALIGN (0x4)

.bss            0x0000000020000080      0xc50 load address 0x0000000008008e58
                0x0000000020000080                _sbss = .
                0x0000000020000080                __bss_start__ = _sbss
 *(.bss)
 .bss           0x0000000020000080       0x1c /opt/st/stm32cubeide_1.3.0/plugins/com.st.stm32cube.ide.mcu.externaltools.gnu-tools-for-stm32.7-2018-q2-update.linux64_1.0.0.201904181610/tools/bin/../lib/gcc/arm-none-eabi/7.3.1/thumb/v7e-m/fpv4-sp/hard/crtbegin.o
 *(.bss*)
 .bss.hi2c1     0x000000002000009c       0x54 Core/Src/main.o
                0x000000002000009c                hi2c1
 .bss.huart2    0x00000000200000f0       0x40 Core/Src/main.o
                0x00000000200000f0                huart2
 .bss.hdma_usart2_rx
                0x0000000020000130       0x60 Core/Src/main.o
                0x0000000020000130                hdma_usart2_rx
 .bss.hdma_usart2_tx
                0x0000000020000190       0x60 Core/Src/main.o
                0x0000000020000190                hdma_usart2_tx
 .bss._ZZN13STM32Hardware5flushEvE5mutex
                0x00000000200001f0        0x1 Core/Src/mainpp.o
                0x00000000200001f0                STM32Hardware::flush()::mutex
 *fill*         0x00000000200001f1        0x3 
 .bss.nh        0x00000000200001f4      0x93c Core/Src/mainpp.o
                0x00000000200001f4                nh
 .bss.imu       0x0000000020000b30      0x158 Core/Src/mainpp.o
                0x0000000020000b30                imu
 .bss.pub_imu   0x0000000020000c88       0x14 Core/Src/mainpp.o
                0x0000000020000c88                pub_imu
 .bss.Data      0x0000000020000c9c        0x6 Core/Src/mainpp.o
                0x0000000020000c9c                Data
 .bss.Xaxis     0x0000000020000ca2        0x2 Core/Src/mainpp.o
                0x0000000020000ca2                Xaxis
 .bss.Yaxis     0x0000000020000ca4        0x2 Core/Src/mainpp.o
                0x0000000020000ca4                Yaxis
 .bss.Zaxis     0x0000000020000ca6        0x2 Core/Src/mainpp.o
                0x0000000020000ca6                Zaxis
 .bss.Xaxis_g   0x0000000020000ca8        0x4 Core/Src/mainpp.o
                0x0000000020000ca8                Xaxis_g
 .bss.Yaxis_g   0x0000000020000cac        0x4 Core/Src/mainpp.o
                0x0000000020000cac                Yaxis_g
 .bss.Zaxis_g   0x0000000020000cb0        0x4 Core/Src/mainpp.o
                0x0000000020000cb0                Zaxis_g
 .bss.axis      0x0000000020000cb4        0x8 Core/Src/mainpp.o
                0x0000000020000cb4                axis
 .bss.heap_end.6424
                0x0000000020000cbc        0x4 Core/Src/sysmem.o
 .bss.__malloc_free_list
                0x0000000020000cc0        0x4 /opt/st/stm32cubeide_1.3.0/plugins/com.st.stm32cube.ide.mcu.externaltools.gnu-tools-for-stm32.7-2018-q2-update.linux64_1.0.0.201904181610/tools/bin/../lib/gcc/arm-none-eabi/7.3.1/../../../../arm-none-eabi/lib/thumb/v7e-m/fpv4-sp/hard/libc_nano.a(lib_a-nano-mallocr.o)
                0x0000000020000cc0                __malloc_free_list
 .bss.__malloc_sbrk_start
                0x0000000020000cc4        0x4 /opt/st/stm32cubeide_1.3.0/plugins/com.st.stm32cube.ide.mcu.externaltools.gnu-tools-for-stm32.7-2018-q2-update.linux64_1.0.0.201904181610/tools/bin/../lib/gcc/arm-none-eabi/7.3.1/../../../../arm-none-eabi/lib/thumb/v7e-m/fpv4-sp/hard/libc_nano.a(lib_a-nano-mallocr.o)
                0x0000000020000cc4                __malloc_sbrk_start
 *(COMMON)
 COMMON         0x0000000020000cc8        0x4 Drivers/STM32F4xx_HAL_Driver/Src/stm32f4xx_hal.o
                0x0000000020000cc8                uwTick
 COMMON         0x0000000020000ccc        0x4 /opt/st/stm32cubeide_1.3.0/plugins/com.st.stm32cube.ide.mcu.externaltools.gnu-tools-for-stm32.7-2018-q2-update.linux64_1.0.0.201904181610/tools/bin/../lib/gcc/arm-none-eabi/7.3.1/../../../../arm-none-eabi/lib/thumb/v7e-m/fpv4-sp/hard/libc_nano.a(lib_a-reent.o)
                0x0000000020000ccc                errno
                0x0000000020000cd0                . = ALIGN (0x4)
                0x0000000020000cd0                _ebss = .
                0x0000000020000cd0                __bss_end__ = _ebss

._user_heap_stack
                0x0000000020000cd0      0x600 load address 0x0000000008008e58
                0x0000000020000cd0                . = ALIGN (0x8)
                0x0000000020000cd0                PROVIDE (end = .)
                [!provide]                        PROVIDE (_end = .)
                0x0000000020000ed0                . = (. + _Min_Heap_Size)
 *fill*         0x0000000020000cd0      0x200 
                0x00000000200012d0                . = (. + _Min_Stack_Size)
 *fill*         0x0000000020000ed0      0x400 
                0x00000000200012d0                . = ALIGN (0x8)

/DISCARD/
 libc.a(*)
 libm.a(*)
 libgcc.a(*)

.ARM.attributes
                0x0000000000000000       0x30
 *(.ARM.attributes)
 .ARM.attributes
                0x0000000000000000       0x22 /opt/st/stm32cubeide_1.3.0/plugins/com.st.stm32cube.ide.mcu.externaltools.gnu-tools-for-stm32.7-2018-q2-update.linux64_1.0.0.201904181610/tools/bin/../lib/gcc/arm-none-eabi/7.3.1/thumb/v7e-m/fpv4-sp/hard/crti.o
 .ARM.attributes
                0x0000000000000022       0x34 /opt/st/stm32cubeide_1.3.0/plugins/com.st.stm32cube.ide.mcu.externaltools.gnu-tools-for-stm32.7-2018-q2-update.linux64_1.0.0.201904181610/tools/bin/../lib/gcc/arm-none-eabi/7.3.1/thumb/v7e-m/fpv4-sp/hard/crtbegin.o
 .ARM.attributes
                0x0000000000000056       0x39 Core/Inc/time.o
 .ARM.attributes
                0x000000000000008f       0x39 Core/Src/main.o
 .ARM.attributes
                0x00000000000000c8       0x39 Core/Src/mainpp.o
 .ARM.attributes
                0x0000000000000101       0x39 Core/Src/stm32f4xx_hal_msp.o
 .ARM.attributes
                0x000000000000013a       0x39 Core/Src/stm32f4xx_it.o
 .ARM.attributes
                0x0000000000000173       0x39 Core/Src/syscalls.o
 .ARM.attributes
                0x00000000000001ac       0x39 Core/Src/sysmem.o
 .ARM.attributes
                0x00000000000001e5       0x39 Core/Src/system_stm32f4xx.o
 .ARM.attributes
                0x000000000000021e       0x21 Core/Startup/startup_stm32f411vetx.o
 .ARM.attributes
                0x000000000000023f       0x39 Drivers/STM32F4xx_HAL_Driver/Src/stm32f4xx_hal.o
 .ARM.attributes
                0x0000000000000278       0x39 Drivers/STM32F4xx_HAL_Driver/Src/stm32f4xx_hal_cortex.o
 .ARM.attributes
                0x00000000000002b1       0x39 Drivers/STM32F4xx_HAL_Driver/Src/stm32f4xx_hal_dma.o
 .ARM.attributes
                0x00000000000002ea       0x39 Drivers/STM32F4xx_HAL_Driver/Src/stm32f4xx_hal_gpio.o
 .ARM.attributes
                0x0000000000000323       0x39 Drivers/STM32F4xx_HAL_Driver/Src/stm32f4xx_hal_i2c.o
 .ARM.attributes
                0x000000000000035c       0x39 Drivers/STM32F4xx_HAL_Driver/Src/stm32f4xx_hal_rcc.o
 .ARM.attributes
                0x0000000000000395       0x39 Drivers/STM32F4xx_HAL_Driver/Src/stm32f4xx_hal_uart.o
 .ARM.attributes
                0x00000000000003ce       0x34 /opt/st/stm32cubeide_1.3.0/plugins/com.st.stm32cube.ide.mcu.externaltools.gnu-tools-for-stm32.7-2018-q2-update.linux64_1.0.0.201904181610/tools/bin/../lib/gcc/arm-none-eabi/7.3.1/../../../../arm-none-eabi/lib/thumb/v7e-m/fpv4-sp/hard/libstdc++_nano.a(pure.o)
 .ARM.attributes
                0x0000000000000402       0x34 /opt/st/stm32cubeide_1.3.0/plugins/com.st.stm32cube.ide.mcu.externaltools.gnu-tools-for-stm32.7-2018-q2-update.linux64_1.0.0.201904181610/tools/bin/../lib/gcc/arm-none-eabi/7.3.1/../../../../arm-none-eabi/lib/thumb/v7e-m/fpv4-sp/hard/libstdc++_nano.a(eh_terminate.o)
 .ARM.attributes
                0x0000000000000436       0x34 /opt/st/stm32cubeide_1.3.0/plugins/com.st.stm32cube.ide.mcu.externaltools.gnu-tools-for-stm32.7-2018-q2-update.linux64_1.0.0.201904181610/tools/bin/../lib/gcc/arm-none-eabi/7.3.1/../../../../arm-none-eabi/lib/thumb/v7e-m/fpv4-sp/hard/libstdc++_nano.a(eh_term_handler.o)
 .ARM.attributes
                0x000000000000046a       0x34 /opt/st/stm32cubeide_1.3.0/plugins/com.st.stm32cube.ide.mcu.externaltools.gnu-tools-for-stm32.7-2018-q2-update.linux64_1.0.0.201904181610/tools/bin/../lib/gcc/arm-none-eabi/7.3.1/../../../../arm-none-eabi/lib/thumb/v7e-m/fpv4-sp/hard/libc_nano.a(lib_a-abort.o)
 .ARM.attributes
                0x000000000000049e       0x34 /opt/st/stm32cubeide_1.3.0/plugins/com.st.stm32cube.ide.mcu.externaltools.gnu-tools-for-stm32.7-2018-q2-update.linux64_1.0.0.201904181610/tools/bin/../lib/gcc/arm-none-eabi/7.3.1/../../../../arm-none-eabi/lib/thumb/v7e-m/fpv4-sp/hard/libc_nano.a(lib_a-errno.o)
 .ARM.attributes
                0x00000000000004d2       0x34 /opt/st/stm32cubeide_1.3.0/plugins/com.st.stm32cube.ide.mcu.externaltools.gnu-tools-for-stm32.7-2018-q2-update.linux64_1.0.0.201904181610/tools/bin/../lib/gcc/arm-none-eabi/7.3.1/../../../../arm-none-eabi/lib/thumb/v7e-m/fpv4-sp/hard/libc_nano.a(lib_a-impure.o)
 .ARM.attributes
                0x0000000000000506       0x34 /opt/st/stm32cubeide_1.3.0/plugins/com.st.stm32cube.ide.mcu.externaltools.gnu-tools-for-stm32.7-2018-q2-update.linux64_1.0.0.201904181610/tools/bin/../lib/gcc/arm-none-eabi/7.3.1/../../../../arm-none-eabi/lib/thumb/v7e-m/fpv4-sp/hard/libc_nano.a(lib_a-init.o)
 .ARM.attributes
                0x000000000000053a       0x34 /opt/st/stm32cubeide_1.3.0/plugins/com.st.stm32cube.ide.mcu.externaltools.gnu-tools-for-stm32.7-2018-q2-update.linux64_1.0.0.201904181610/tools/bin/../lib/gcc/arm-none-eabi/7.3.1/../../../../arm-none-eabi/lib/thumb/v7e-m/fpv4-sp/hard/libc_nano.a(lib_a-memcpy-stub.o)
 .ARM.attributes
                0x000000000000056e       0x34 /opt/st/stm32cubeide_1.3.0/plugins/com.st.stm32cube.ide.mcu.externaltools.gnu-tools-for-stm32.7-2018-q2-update.linux64_1.0.0.201904181610/tools/bin/../lib/gcc/arm-none-eabi/7.3.1/../../../../arm-none-eabi/lib/thumb/v7e-m/fpv4-sp/hard/libc_nano.a(lib_a-memset.o)
 .ARM.attributes
                0x00000000000005a2       0x34 /opt/st/stm32cubeide_1.3.0/plugins/com.st.stm32cube.ide.mcu.externaltools.gnu-tools-for-stm32.7-2018-q2-update.linux64_1.0.0.201904181610/tools/bin/../lib/gcc/arm-none-eabi/7.3.1/../../../../arm-none-eabi/lib/thumb/v7e-m/fpv4-sp/hard/libc_nano.a(lib_a-realloc.o)
 .ARM.attributes
                0x00000000000005d6       0x34 /opt/st/stm32cubeide_1.3.0/plugins/com.st.stm32cube.ide.mcu.externaltools.gnu-tools-for-stm32.7-2018-q2-update.linux64_1.0.0.201904181610/tools/bin/../lib/gcc/arm-none-eabi/7.3.1/../../../../arm-none-eabi/lib/thumb/v7e-m/fpv4-sp/hard/libc_nano.a(lib_a-signal.o)
 .ARM.attributes
                0x000000000000060a       0x34 /opt/st/stm32cubeide_1.3.0/plugins/com.st.stm32cube.ide.mcu.externaltools.gnu-tools-for-stm32.7-2018-q2-update.linux64_1.0.0.201904181610/tools/bin/../lib/gcc/arm-none-eabi/7.3.1/../../../../arm-none-eabi/lib/thumb/v7e-m/fpv4-sp/hard/libc_nano.a(lib_a-signalr.o)
 .ARM.attributes
                0x000000000000063e       0x1b /opt/st/stm32cubeide_1.3.0/plugins/com.st.stm32cube.ide.mcu.externaltools.gnu-tools-for-stm32.7-2018-q2-update.linux64_1.0.0.201904181610/tools/bin/../lib/gcc/arm-none-eabi/7.3.1/../../../../arm-none-eabi/lib/thumb/v7e-m/fpv4-sp/hard/libc_nano.a(lib_a-strlen.o)
 .ARM.attributes
                0x0000000000000659       0x34 /opt/st/stm32cubeide_1.3.0/plugins/com.st.stm32cube.ide.mcu.externaltools.gnu-tools-for-stm32.7-2018-q2-update.linux64_1.0.0.201904181610/tools/bin/../lib/gcc/arm-none-eabi/7.3.1/../../../../arm-none-eabi/lib/thumb/v7e-m/fpv4-sp/hard/libc_nano.a(lib_a-nano-mallocr.o)
 .ARM.attributes
                0x000000000000068d       0x34 /opt/st/stm32cubeide_1.3.0/plugins/com.st.stm32cube.ide.mcu.externaltools.gnu-tools-for-stm32.7-2018-q2-update.linux64_1.0.0.201904181610/tools/bin/../lib/gcc/arm-none-eabi/7.3.1/../../../../arm-none-eabi/lib/thumb/v7e-m/fpv4-sp/hard/libc_nano.a(lib_a-nano-reallocr.o)
 .ARM.attributes
                0x00000000000006c1       0x34 /opt/st/stm32cubeide_1.3.0/plugins/com.st.stm32cube.ide.mcu.externaltools.gnu-tools-for-stm32.7-2018-q2-update.linux64_1.0.0.201904181610/tools/bin/../lib/gcc/arm-none-eabi/7.3.1/../../../../arm-none-eabi/lib/thumb/v7e-m/fpv4-sp/hard/libc_nano.a(lib_a-reent.o)
 .ARM.attributes
                0x00000000000006f5       0x34 /opt/st/stm32cubeide_1.3.0/plugins/com.st.stm32cube.ide.mcu.externaltools.gnu-tools-for-stm32.7-2018-q2-update.linux64_1.0.0.201904181610/tools/bin/../lib/gcc/arm-none-eabi/7.3.1/../../../../arm-none-eabi/lib/thumb/v7e-m/fpv4-sp/hard/libc_nano.a(lib_a-sbrkr.o)
 .ARM.attributes
                0x0000000000000729       0x34 /opt/st/stm32cubeide_1.3.0/plugins/com.st.stm32cube.ide.mcu.externaltools.gnu-tools-for-stm32.7-2018-q2-update.linux64_1.0.0.201904181610/tools/bin/../lib/gcc/arm-none-eabi/7.3.1/../../../../arm-none-eabi/lib/thumb/v7e-m/fpv4-sp/hard/libc_nano.a(lib_a-mlock.o)
 .ARM.attributes
                0x000000000000075d       0x34 /opt/st/stm32cubeide_1.3.0/plugins/com.st.stm32cube.ide.mcu.externaltools.gnu-tools-for-stm32.7-2018-q2-update.linux64_1.0.0.201904181610/tools/bin/../lib/gcc/arm-none-eabi/7.3.1/../../../../arm-none-eabi/lib/thumb/v7e-m/fpv4-sp/hard/libc_nano.a(lib_a-nano-freer.o)
 .ARM.attributes
                0x0000000000000791       0x34 /opt/st/stm32cubeide_1.3.0/plugins/com.st.stm32cube.ide.mcu.externaltools.gnu-tools-for-stm32.7-2018-q2-update.linux64_1.0.0.201904181610/tools/bin/../lib/gcc/arm-none-eabi/7.3.1/../../../../arm-none-eabi/lib/thumb/v7e-m/fpv4-sp/hard/libc_nano.a(lib_a-nano-msizer.o)
 .ARM.attributes
                0x00000000000007c5       0x22 /opt/st/stm32cubeide_1.3.0/plugins/com.st.stm32cube.ide.mcu.externaltools.gnu-tools-for-stm32.7-2018-q2-update.linux64_1.0.0.201904181610/tools/bin/../lib/gcc/arm-none-eabi/7.3.1/thumb/v7e-m/fpv4-sp/hard/libgcc.a(_arm_addsubdf3.o)
 .ARM.attributes
                0x00000000000007e7       0x22 /opt/st/stm32cubeide_1.3.0/plugins/com.st.stm32cube.ide.mcu.externaltools.gnu-tools-for-stm32.7-2018-q2-update.linux64_1.0.0.201904181610/tools/bin/../lib/gcc/arm-none-eabi/7.3.1/thumb/v7e-m/fpv4-sp/hard/libgcc.a(_arm_muldivdf3.o)
 .ARM.attributes
                0x0000000000000809       0x22 /opt/st/stm32cubeide_1.3.0/plugins/com.st.stm32cube.ide.mcu.externaltools.gnu-tools-for-stm32.7-2018-q2-update.linux64_1.0.0.201904181610/tools/bin/../lib/gcc/arm-none-eabi/7.3.1/thumb/v7e-m/fpv4-sp/hard/libgcc.a(_arm_truncdfsf2.o)
 .ARM.attributes
                0x000000000000082b       0x22 /opt/st/stm32cubeide_1.3.0/plugins/com.st.stm32cube.ide.mcu.externaltools.gnu-tools-for-stm32.7-2018-q2-update.linux64_1.0.0.201904181610/tools/bin/../lib/gcc/arm-none-eabi/7.3.1/thumb/v7e-m/fpv4-sp/hard/libgcc.a(_aeabi_uldivmod.o)
 .ARM.attributes
                0x000000000000084d       0x34 /opt/st/stm32cubeide_1.3.0/plugins/com.st.stm32cube.ide.mcu.externaltools.gnu-tools-for-stm32.7-2018-q2-update.linux64_1.0.0.201904181610/tools/bin/../lib/gcc/arm-none-eabi/7.3.1/thumb/v7e-m/fpv4-sp/hard/libgcc.a(_udivmoddi4.o)
 .ARM.attributes
                0x0000000000000881       0x22 /opt/st/stm32cubeide_1.3.0/plugins/com.st.stm32cube.ide.mcu.externaltools.gnu-tools-for-stm32.7-2018-q2-update.linux64_1.0.0.201904181610/tools/bin/../lib/gcc/arm-none-eabi/7.3.1/thumb/v7e-m/fpv4-sp/hard/libgcc.a(_dvmd_tls.o)
 .ARM.attributes
                0x00000000000008a3       0x22 /opt/st/stm32cubeide_1.3.0/plugins/com.st.stm32cube.ide.mcu.externaltools.gnu-tools-for-stm32.7-2018-q2-update.linux64_1.0.0.201904181610/tools/bin/../lib/gcc/arm-none-eabi/7.3.1/thumb/v7e-m/fpv4-sp/hard/crtn.o
OUTPUT(hello.elf elf32-littlearm)

.debug_info     0x0000000000000000    0x1293a
 .debug_info    0x0000000000000000     0x13e9 Core/Inc/time.o
 .debug_info    0x00000000000013e9     0x20d7 Core/Src/main.o
 .debug_info    0x00000000000034c0     0x5b32 Core/Src/mainpp.o
 .debug_info    0x0000000000008ff2      0xe4e Core/Src/stm32f4xx_hal_msp.o
 .debug_info    0x0000000000009e40      0x6b5 Core/Src/stm32f4xx_it.o
 .debug_info    0x000000000000a4f5      0xebd Core/Src/syscalls.o
 .debug_info    0x000000000000b3b2      0x91c Core/Src/sysmem.o
 .debug_info    0x000000000000bcce      0x57e Core/Src/system_stm32f4xx.o
 .debug_info    0x000000000000c24c       0x22 Core/Startup/startup_stm32f411vetx.o
 .debug_info    0x000000000000c26e      0x8d5 Drivers/STM32F4xx_HAL_Driver/Src/stm32f4xx_hal.o
 .debug_info    0x000000000000cb43      0xd98 Drivers/STM32F4xx_HAL_Driver/Src/stm32f4xx_hal_cortex.o
 .debug_info    0x000000000000d8db      0x960 Drivers/STM32F4xx_HAL_Driver/Src/stm32f4xx_hal_dma.o
 .debug_info    0x000000000000e23b      0x7d7 Drivers/STM32F4xx_HAL_Driver/Src/stm32f4xx_hal_gpio.o
 .debug_info    0x000000000000ea12     0x23ba Drivers/STM32F4xx_HAL_Driver/Src/stm32f4xx_hal_i2c.o
 .debug_info    0x0000000000010dcc      0x92a Drivers/STM32F4xx_HAL_Driver/Src/stm32f4xx_hal_rcc.o
 .debug_info    0x00000000000116f6     0x1244 Drivers/STM32F4xx_HAL_Driver/Src/stm32f4xx_hal_uart.o

.debug_abbrev   0x0000000000000000     0x267a
 .debug_abbrev  0x0000000000000000      0x353 Core/Inc/time.o
 .debug_abbrev  0x0000000000000353      0x32d Core/Src/main.o
 .debug_abbrev  0x0000000000000680      0x815 Core/Src/mainpp.o
 .debug_abbrev  0x0000000000000e95      0x195 Core/Src/stm32f4xx_hal_msp.o
 .debug_abbrev  0x000000000000102a      0x158 Core/Src/stm32f4xx_it.o
 .debug_abbrev  0x0000000000001182      0x261 Core/Src/syscalls.o
 .debug_abbrev  0x00000000000013e3      0x1bb Core/Src/sysmem.o
 .debug_abbrev  0x000000000000159e      0x12b Core/Src/system_stm32f4xx.o
 .debug_abbrev  0x00000000000016c9       0x12 Core/Startup/startup_stm32f411vetx.o
 .debug_abbrev  0x00000000000016db      0x1f2 Drivers/STM32F4xx_HAL_Driver/Src/stm32f4xx_hal.o
 .debug_abbrev  0x00000000000018cd      0x2fa Drivers/STM32F4xx_HAL_Driver/Src/stm32f4xx_hal_cortex.o
 .debug_abbrev  0x0000000000001bc7      0x1f1 Drivers/STM32F4xx_HAL_Driver/Src/stm32f4xx_hal_dma.o
 .debug_abbrev  0x0000000000001db8      0x1c9 Drivers/STM32F4xx_HAL_Driver/Src/stm32f4xx_hal_gpio.o
 .debug_abbrev  0x0000000000001f81      0x263 Drivers/STM32F4xx_HAL_Driver/Src/stm32f4xx_hal_i2c.o
 .debug_abbrev  0x00000000000021e4      0x245 Drivers/STM32F4xx_HAL_Driver/Src/stm32f4xx_hal_rcc.o
 .debug_abbrev  0x0000000000002429      0x251 Drivers/STM32F4xx_HAL_Driver/Src/stm32f4xx_hal_uart.o

.debug_aranges  0x0000000000000000      0xca8
 .debug_aranges
                0x0000000000000000       0x38 Core/Inc/time.o
 .debug_aranges
                0x0000000000000038       0x50 Core/Src/main.o
 .debug_aranges
                0x0000000000000088      0x270 Core/Src/mainpp.o
 .debug_aranges
                0x00000000000002f8       0x40 Core/Src/stm32f4xx_hal_msp.o
 .debug_aranges
                0x0000000000000338       0x78 Core/Src/stm32f4xx_it.o
 .debug_aranges
                0x00000000000003b0       0xa8 Core/Src/syscalls.o
 .debug_aranges
                0x0000000000000458       0x20 Core/Src/sysmem.o
 .debug_aranges
                0x0000000000000478       0x28 Core/Src/system_stm32f4xx.o
 .debug_aranges
                0x00000000000004a0       0x28 Core/Startup/startup_stm32f411vetx.o
 .debug_aranges
                0x00000000000004c8       0xf0 Drivers/STM32F4xx_HAL_Driver/Src/stm32f4xx_hal.o
 .debug_aranges
                0x00000000000005b8      0x118 Drivers/STM32F4xx_HAL_Driver/Src/stm32f4xx_hal_cortex.o
 .debug_aranges
                0x00000000000006d0       0x90 Drivers/STM32F4xx_HAL_Driver/Src/stm32f4xx_hal_dma.o
 .debug_aranges
                0x0000000000000760       0x58 Drivers/STM32F4xx_HAL_Driver/Src/stm32f4xx_hal_gpio.o
 .debug_aranges
                0x00000000000007b8      0x298 Drivers/STM32F4xx_HAL_Driver/Src/stm32f4xx_hal_i2c.o
 .debug_aranges
                0x0000000000000a50       0x88 Drivers/STM32F4xx_HAL_Driver/Src/stm32f4xx_hal_rcc.o
 .debug_aranges
                0x0000000000000ad8      0x1d0 Drivers/STM32F4xx_HAL_Driver/Src/stm32f4xx_hal_uart.o

.debug_ranges   0x0000000000000000      0xbe8
 .debug_ranges  0x0000000000000000       0x28 Core/Inc/time.o
 .debug_ranges  0x0000000000000028       0x40 Core/Src/main.o
 .debug_ranges  0x0000000000000068      0x278 Core/Src/mainpp.o
 .debug_ranges  0x00000000000002e0       0x30 Core/Src/stm32f4xx_hal_msp.o
 .debug_ranges  0x0000000000000310       0x68 Core/Src/stm32f4xx_it.o
 .debug_ranges  0x0000000000000378       0x98 Core/Src/syscalls.o
 .debug_ranges  0x0000000000000410       0x10 Core/Src/sysmem.o
 .debug_ranges  0x0000000000000420       0x18 Core/Src/system_stm32f4xx.o
 .debug_ranges  0x0000000000000438       0x20 Core/Startup/startup_stm32f411vetx.o
 .debug_ranges  0x0000000000000458       0xe0 Drivers/STM32F4xx_HAL_Driver/Src/stm32f4xx_hal.o
 .debug_ranges  0x0000000000000538      0x108 Drivers/STM32F4xx_HAL_Driver/Src/stm32f4xx_hal_cortex.o
 .debug_ranges  0x0000000000000640       0x80 Drivers/STM32F4xx_HAL_Driver/Src/stm32f4xx_hal_dma.o
 .debug_ranges  0x00000000000006c0       0x48 Drivers/STM32F4xx_HAL_Driver/Src/stm32f4xx_hal_gpio.o
 .debug_ranges  0x0000000000000708      0x2a8 Drivers/STM32F4xx_HAL_Driver/Src/stm32f4xx_hal_i2c.o
 .debug_ranges  0x00000000000009b0       0x78 Drivers/STM32F4xx_HAL_Driver/Src/stm32f4xx_hal_rcc.o
 .debug_ranges  0x0000000000000a28      0x1c0 Drivers/STM32F4xx_HAL_Driver/Src/stm32f4xx_hal_uart.o

.debug_macro    0x0000000000000000    0x1802c
 .debug_macro   0x0000000000000000      0x1b4 Core/Inc/time.o
 .debug_macro   0x00000000000001b4      0x3b3 Core/Src/main.o
 .debug_macro   0x0000000000000567      0x18a Core/Src/main.o
 .debug_macro   0x00000000000006f1       0x2e Core/Src/main.o
 .debug_macro   0x000000000000071f       0x28 Core/Src/main.o
 .debug_macro   0x0000000000000747       0x8e Core/Src/main.o
 .debug_macro   0x00000000000007d5       0x51 Core/Src/main.o
 .debug_macro   0x0000000000000826       0x1c Core/Src/main.o
 .debug_macro   0x0000000000000842       0x22 Core/Src/main.o
 .debug_macro   0x0000000000000864       0xdf Core/Src/main.o
 .debug_macro   0x0000000000000943     0x102d Core/Src/main.o
 .debug_macro   0x0000000000001970      0x11f Core/Src/main.o
 .debug_macro   0x0000000000001a8f     0xb937 Core/Src/main.o
 .debug_macro   0x000000000000d3c6       0x43 Core/Src/main.o
 .debug_macro   0x000000000000d409     0x3659 Core/Src/main.o
 .debug_macro   0x0000000000010a62       0x5a Core/Src/main.o
 .debug_macro   0x0000000000010abc      0x447 Core/Src/main.o
 .debug_macro   0x0000000000010f03      0x9fe Core/Src/main.o
 .debug_macro   0x0000000000011901      0x15f Core/Src/main.o
 .debug_macro   0x0000000000011a60      0x117 Core/Src/main.o
 .debug_macro   0x0000000000011b77      0x11b Core/Src/main.o
 .debug_macro   0x0000000000011c92       0x27 Core/Src/main.o
 .debug_macro   0x0000000000011cb9      0x287 Core/Src/main.o
 .debug_macro   0x0000000000011f40       0x5f Core/Src/main.o
 .debug_macro   0x0000000000011f9f      0x236 Core/Src/main.o
 .debug_macro   0x00000000000121d5      0x132 Core/Src/main.o
 .debug_macro   0x0000000000012307      0x264 Core/Src/main.o
 .debug_macro   0x000000000001256b       0x2e Core/Src/main.o
 .debug_macro   0x0000000000012599      0x1b5 Core/Src/main.o
 .debug_macro   0x000000000001274e       0x22 Core/Src/main.o
 .debug_macro   0x0000000000012770       0xd6 Core/Src/main.o
 .debug_macro   0x0000000000012846      0x11a Core/Src/main.o
 .debug_macro   0x0000000000012960       0x85 Core/Src/main.o
 .debug_macro   0x00000000000129e5       0x89 Core/Src/main.o
 .debug_macro   0x0000000000012a6e      0x287 Core/Src/main.o
 .debug_macro   0x0000000000012cf5      0x126 Core/Src/main.o
 .debug_macro   0x0000000000012e1b       0x10 Core/Src/main.o
 .debug_macro   0x0000000000012e2b       0x46 Core/Src/main.o
 .debug_macro   0x0000000000012e71      0x34d Core/Src/main.o
 .debug_macro   0x00000000000131be       0x25 Core/Src/main.o
 .debug_macro   0x00000000000131e3       0xee Core/Src/main.o
 .debug_macro   0x00000000000132d1      0x4ea Core/Src/mainpp.o
 .debug_macro   0x00000000000137bb       0x10 Core/Src/mainpp.o
 .debug_macro   0x00000000000137cb       0x20 Core/Src/mainpp.o
 .debug_macro   0x00000000000137eb       0x10 Core/Src/mainpp.o
 .debug_macro   0x00000000000137fb       0x1c Core/Src/mainpp.o
 .debug_macro   0x0000000000013817       0xde Core/Src/mainpp.o
 .debug_macro   0x00000000000138f5      0x3cd Core/Src/mainpp.o
 .debug_macro   0x0000000000013cc2       0x10 Core/Src/mainpp.o
 .debug_macro   0x0000000000013cd2      0x1e2 Core/Src/stm32f4xx_hal_msp.o
 .debug_macro   0x0000000000013eb4      0xa5a Core/Src/stm32f4xx_hal_msp.o
 .debug_macro   0x000000000001490e     0x102d Core/Src/stm32f4xx_hal_msp.o
 .debug_macro   0x000000000001593b      0x174 Core/Src/stm32f4xx_hal_msp.o
 .debug_macro   0x0000000000015aaf      0x1ec Core/Src/stm32f4xx_it.o
 .debug_macro   0x0000000000015c9b      0x243 Core/Src/syscalls.o
 .debug_macro   0x0000000000015ede       0x34 Core/Src/syscalls.o
 .debug_macro   0x0000000000015f12      0x330 Core/Src/syscalls.o
 .debug_macro   0x0000000000016242       0x43 Core/Src/syscalls.o
 .debug_macro   0x0000000000016285       0x10 Core/Src/syscalls.o
 .debug_macro   0x0000000000016295       0x35 Core/Src/syscalls.o
 .debug_macro   0x00000000000162ca       0x10 Core/Src/syscalls.o
 .debug_macro   0x00000000000162da       0x10 Core/Src/syscalls.o
 .debug_macro   0x00000000000162ea       0x10 Core/Src/syscalls.o
 .debug_macro   0x00000000000162fa       0x1c Core/Src/syscalls.o
 .debug_macro   0x0000000000016316       0x52 Core/Src/syscalls.o
 .debug_macro   0x0000000000016368       0x40 Core/Src/syscalls.o
 .debug_macro   0x00000000000163a8       0x10 Core/Src/syscalls.o
 .debug_macro   0x00000000000163b8       0x40 Core/Src/syscalls.o
 .debug_macro   0x00000000000163f8       0xd7 Core/Src/syscalls.o
 .debug_macro   0x00000000000164cf       0x1c Core/Src/syscalls.o
 .debug_macro   0x00000000000164eb       0x3d Core/Src/syscalls.o
 .debug_macro   0x0000000000016528       0x35 Core/Src/syscalls.o
 .debug_macro   0x000000000001655d      0x122 Core/Src/syscalls.o
 .debug_macro   0x000000000001667f       0x10 Core/Src/syscalls.o
 .debug_macro   0x000000000001668f      0x241 Core/Src/syscalls.o
 .debug_macro   0x00000000000168d0       0x1c Core/Src/syscalls.o
 .debug_macro   0x00000000000168ec       0x10 Core/Src/syscalls.o
 .debug_macro   0x00000000000168fc       0x10 Core/Src/syscalls.o
 .debug_macro   0x000000000001690c       0x16 Core/Src/syscalls.o
 .debug_macro   0x0000000000016922      0x145 Core/Src/syscalls.o
 .debug_macro   0x0000000000016a67      0x189 Core/Src/syscalls.o
 .debug_macro   0x0000000000016bf0       0x16 Core/Src/syscalls.o
 .debug_macro   0x0000000000016c06       0x88 Core/Src/syscalls.o
 .debug_macro   0x0000000000016c8e      0x1ae Core/Src/sysmem.o
 .debug_macro   0x0000000000016e3c      0x23b Core/Src/sysmem.o
 .debug_macro   0x0000000000017077       0x16 Core/Src/sysmem.o
 .debug_macro   0x000000000001708d      0x1d9 Core/Src/system_stm32f4xx.o
 .debug_macro   0x0000000000017266      0x233 Drivers/STM32F4xx_HAL_Driver/Src/stm32f4xx_hal.o
 .debug_macro   0x0000000000017499      0x1d3 Drivers/STM32F4xx_HAL_Driver/Src/stm32f4xx_hal_cortex.o
 .debug_macro   0x000000000001766c      0x1d9 Drivers/STM32F4xx_HAL_Driver/Src/stm32f4xx_hal_dma.o
 .debug_macro   0x0000000000017845      0x209 Drivers/STM32F4xx_HAL_Driver/Src/stm32f4xx_hal_gpio.o
 .debug_macro   0x0000000000017a4e      0x213 Drivers/STM32F4xx_HAL_Driver/Src/stm32f4xx_hal_i2c.o
 .debug_macro   0x0000000000017c61      0x1f7 Drivers/STM32F4xx_HAL_Driver/Src/stm32f4xx_hal_rcc.o
 .debug_macro   0x0000000000017e58      0x1d4 Drivers/STM32F4xx_HAL_Driver/Src/stm32f4xx_hal_uart.o

.debug_line     0x0000000000000000     0xa903
 .debug_line    0x0000000000000000      0x894 Core/Inc/time.o
 .debug_line    0x0000000000000894      0xcee Core/Src/main.o
 .debug_line    0x0000000000001582     0x19ce Core/Src/mainpp.o
 .debug_line    0x0000000000002f50      0x71a Core/Src/stm32f4xx_hal_msp.o
 .debug_line    0x000000000000366a      0x777 Core/Src/stm32f4xx_it.o
 .debug_line    0x0000000000003de1      0x711 Core/Src/syscalls.o
 .debug_line    0x00000000000044f2      0x531 Core/Src/sysmem.o
 .debug_line    0x0000000000004a23      0x6b8 Core/Src/system_stm32f4xx.o
 .debug_line    0x00000000000050db       0x85 Core/Startup/startup_stm32f411vetx.o
 .debug_line    0x0000000000005160      0x8a2 Drivers/STM32F4xx_HAL_Driver/Src/stm32f4xx_hal.o
 .debug_line    0x0000000000005a02      0x9c6 Drivers/STM32F4xx_HAL_Driver/Src/stm32f4xx_hal_cortex.o
 .debug_line    0x00000000000063c8      0x970 Drivers/STM32F4xx_HAL_Driver/Src/stm32f4xx_hal_dma.o
 .debug_line    0x0000000000006d38      0x845 Drivers/STM32F4xx_HAL_Driver/Src/stm32f4xx_hal_gpio.o
 .debug_line    0x000000000000757d     0x1adc Drivers/STM32F4xx_HAL_Driver/Src/stm32f4xx_hal_i2c.o
 .debug_line    0x0000000000009059      0x8fa Drivers/STM32F4xx_HAL_Driver/Src/stm32f4xx_hal_rcc.o
 .debug_line    0x0000000000009953      0xfb0 Drivers/STM32F4xx_HAL_Driver/Src/stm32f4xx_hal_uart.o

.debug_str      0x0000000000000000    0x8ddd6
 .debug_str     0x0000000000000000     0x97e7 Core/Inc/time.o
                                       0x9b48 (size before relaxing)
 .debug_str     0x00000000000097e7    0x7d7da Core/Src/main.o
                                      0x873fb (size before relaxing)
 .debug_str     0x0000000000086fc1     0x26b5 Core/Src/mainpp.o
                                      0x89384 (size before relaxing)
 .debug_str     0x0000000000089676      0x243 Core/Src/stm32f4xx_hal_msp.o
                                      0x8119d (size before relaxing)
 .debug_str     0x00000000000898b9       0xff Core/Src/stm32f4xx_it.o
                                      0x80a63 (size before relaxing)
 .debug_str     0x00000000000899b8     0x233d Core/Src/syscalls.o
                                       0x888b (size before relaxing)
 .debug_str     0x000000000008bcf5       0x36 Core/Src/sysmem.o
                                       0x7ae4 (size before relaxing)
 .debug_str     0x000000000008bd2b       0xc4 Core/Src/system_stm32f4xx.o
                                      0x806cf (size before relaxing)
 .debug_str     0x000000000008bdef       0x36 Core/Startup/startup_stm32f411vetx.o
                                         0x66 (size before relaxing)